[backblue.gif]
[fade.gif]
[index.html]
[bhfiles.com/files/Battle.net/bnetdocs/index.html]
[bhfiles.com/files/Battle.net/bnetdocs/content.html]
[www.statcounter.com/counter/counter.js]
[bhfiles.com/files/Battle.net/bnetdocs/assets/topleft.gif]
[bhfiles.com/files/Battle.net/bnetdocs/assets/topright.gif]
[bhfiles.com/files/Battle.net/bnetdocs/assets/leftline.gif]
[bhfiles.com/files/Battle.net/bnetdocs/assets/clear.gif]
[bhfiles.com/files/Battle.net/bnetdocs/content186c186c.html]
[bhfiles.com/files/Battle.net/bnetdocs/contentfe34fe34.html]
[bhfiles.com/files/Battle.net/bnetdocs/contentd41dd41d.html]
[bhfiles.com/files/Battle.net/bnetdocs/register.html]
[bhfiles.com/files/Battle.net/bnetdocs/forgotpass.html]
[bhfiles.com/files/Battle.net/bnetdocs/sequence.html]
[bhfiles.com/files/Battle.net/bnetdocs/content49b649b6.html]
[bhfiles.com/files/Battle.net/bnetdocs/contentb416b416.html]
[bhfiles.com/files/Battle.net/bnetdocs/content2ea02ea0.html]
[bhfiles.com/files/Battle.net/bnetdocs/contentf7fff7ff.html]
[bhfiles.com/files/Battle.net/bnetdocs/content4c9d4c9d.html]
[bhfiles.com/files/Battle.net/bnetdocs/content3f183f18.html]
[bhfiles.com/files/Battle.net/bnetdocs/content91b591b5.html]
[bhfiles.com/files/Battle.net/bnetdocs/content9eee9eee.html]
[bhfiles.com/files/Battle.net/bnetdocs/contentd389d389.html]
[bhfiles.com/files/Battle.net/bnetdocs/content43234323.html]
[bhfiles.com/files/Battle.net/bnetdocs/contentcc3acc3a.html]
[bhfiles.com/files/Battle.net/bnetdocs/contentbb03bb03.html]
[bhfiles.com/files/Battle.net/bnetdocs/content9d2c9d2c.html]
[bhfiles.com/files/Battle.net/bnetdocs/contentfdeafdea.html]
[bhfiles.com/files/Battle.net/bnetdocs/contente72fe72f.html]
[bhfiles.com/files/Battle.net/bnetdocs/content2f5a2f5a.html]
[bhfiles.com/files/Battle.net/bnetdocs/consts41994199.txt]
[bhfiles.com/files/Battle.net/bnetdocs/consts07260726.txt]
[bhfiles.com/files/Battle.net/bnetdocs/consts5a5a5a5a.txt]
[bhfiles.com/files/Battle.net/bnetdocs/content365b365b.html]
[bhfiles.com/files/Battle.net/bnetdocs/contentd62bd62b.html]
[bhfiles.com/files/Battle.net/bnetdocs/content92749274.html]
[bhfiles.com/files/Battle.net/bnetdocs/content02a002a0.html]
[bhfiles.com/files/Battle.net/bnetdocs/content7e217e21.html]
[bhfiles.com/files/Battle.net/bnetdocs/contentc1f3c1f3.html]
[bhfiles.com/files/Battle.net/bnetdocs/contentd6d4d6d4.html]
[bhfiles.com/files/Battle.net/bnetdocs/content17fc17fc.html]
[bhfiles.com/files/Battle.net/bnetdocs/contentc231c231.html]
[bhfiles.com/files/Battle.net/bnetdocs/contentfb82fb82.html]
[bhfiles.com/files/Battle.net/bnetdocs/content9c869c86.html]
[bhfiles.com/files/Battle.net/bnetdocs/content23062306.html]
[bhfiles.com/files/Battle.net/bnetdocs/contente57fe57f.html]
[bhfiles.com/files/Battle.net/bnetdocs/content8e9c8e9c.html]
[bhfiles.com/files/Battle.net/bnetdocs/content21062106.html]
[bhfiles.com/files/Battle.net/bnetdocs/content40f440f4.html]
[bhfiles.com/files/Battle.net/bnetdocs/contentd98cd98c.html]
[bhfiles.com/files/Battle.net/bnetdocs/contentcfbacfba.html]
[bhfiles.com/files/Battle.net/bnetdocs/content6cf46cf4.html]
[bhfiles.com/files/Battle.net/bnetdocs/contentcceeccee.html]
[bhfiles.com/files/Battle.net/bnetdocs/contenta77ea77e.html]
[bhfiles.com/files/Battle.net/bnetdocs/contentbf79bf79.html]
[bhfiles.com/files/Battle.net/bnetdocs/content9b029b02.html]
[bhfiles.com/files/Battle.net/bnetdocs/content7d197d19.html]
[bhfiles.com/files/Battle.net/bnetdocs/contentf7f4f7f4.html]
[bhfiles.com/files/Battle.net/bnetdocs/content85918591.html]
[bhfiles.com/files/Battle.net/bnetdocs/content93389338.html]
[bhfiles.com/files/Battle.net/bnetdocs/content1cd31cd3.html]
[bhfiles.com/files/Battle.net/bnetdocs/content07f107f1.html]
[bhfiles.com/files/Battle.net/bnetdocs/contente839e839.html]
[bhfiles.com/files/Battle.net/bnetdocs/contentc21bc21b.html]
[bhfiles.com/files/Battle.net/bnetdocs/content30283028.html]
[bhfiles.com/files/Battle.net/bnetdocs/content55df55df.html]
[bhfiles.com/files/Battle.net/bnetdocs/content8e4f8e4f.html]
[bhfiles.com/files/Battle.net/bnetdocs/content3bf83bf8.html]
[bhfiles.com/files/Battle.net/bnetdocs/content9a0c9a0c.html]
[bhfiles.com/files/Battle.net/bnetdocs/contentdfb2dfb2.html]
[bhfiles.com/files/Battle.net/bnetdocs/contentbfe4bfe4.html]
[bhfiles.com/files/Battle.net/bnetdocs/content20192019.html]
[bhfiles.com/files/Battle.net/bnetdocs/content48264826.html]
[bhfiles.com/files/Battle.net/bnetdocs/content91aa91aa.html]
[bhfiles.com/files/Battle.net/bnetdocs/content30ed30ed.html]
[bhfiles.com/files/Battle.net/bnetdocs/contentca71ca71.html]
[bhfiles.com/files/Battle.net/bnetdocs/content0b380b38.html]
[bhfiles.com/files/Battle.net/bnetdocs/content148a148a.html]
[bhfiles.com/files/Battle.net/bnetdocs/content2cc52cc5.html]
[bhfiles.com/files/Battle.net/bnetdocs/content8cdd8cdd.html]
[bhfiles.com/files/Battle.net/bnetdocs/contentabf3abf3.html]
[bhfiles.com/files/Battle.net/bnetdocs/contenta5bda5bd.html]
[bhfiles.com/files/Battle.net/bnetdocs/content6d0d6d0d.html]
[bhfiles.com/files/Battle.net/bnetdocs/content32bf32bf.html]
[bhfiles.com/files/Battle.net/bnetdocs/content41584158.html]
[bhfiles.com/files/Battle.net/bnetdocs/content131f131f.html]
[bhfiles.com/files/Battle.net/bnetdocs/content123a123a.html]
[bhfiles.com/files/Battle.net/bnetdocs/contenta145a145.html]
[bhfiles.com/files/Battle.net/bnetdocs/content89098909.html]
[bhfiles.com/files/Battle.net/bnetdocs/content717d717d.html]
[bhfiles.com/files/Battle.net/bnetdocs/contente955e955.html]
[bhfiles.com/files/Battle.net/bnetdocs/content34ff34ff.html]
[bhfiles.com/files/Battle.net/bnetdocs/content41a741a7.html]
[bhfiles.com/files/Battle.net/bnetdocs/contentbe11be11.html]
[bhfiles.com/files/Battle.net/bnetdocs/content67036703.html]
[bhfiles.com/files/Battle.net/bnetdocs/contentc003c003.html]
[bhfiles.com/files/Battle.net/bnetdocs/contentee67ee67.html]
[bhfiles.com/files/Battle.net/bnetdocs/contente02de02d.html]
[bhfiles.com/files/Battle.net/bnetdocs/content48454845.html]
[bhfiles.com/files/Battle.net/bnetdocs/contentbc96bc96.html]
[bhfiles.com/files/Battle.net/bnetdocs/contentb2ccb2cc.html]
[bhfiles.com/files/Battle.net/bnetdocs/contentf9a7f9a7.html]
[bhfiles.com/files/Battle.net/bnetdocs/content84bf84bf.html]
[bhfiles.com/files/Battle.net/bnetdocs/contentcc75cc75.html]
[bhfiles.com/files/Battle.net/bnetdocs/content3edb3edb.html]
[bhfiles.com/files/Battle.net/bnetdocs/content69656965.html]
[bhfiles.com/files/Battle.net/bnetdocs/contentdb49db49.html]
[bhfiles.com/files/Battle.net/bnetdocs/content965b965b.html]
[bhfiles.com/files/Battle.net/bnetdocs/contentaf7caf7c.html]
[bhfiles.com/files/Battle.net/bnetdocs/content6b316b31.html]
[bhfiles.com/files/Battle.net/bnetdocs/content890d890d.html]
[bhfiles.com/files/Battle.net/bnetdocs/content20bf20bf.html]
[bhfiles.com/files/Battle.net/bnetdocs/content75157515.html]
[bhfiles.com/files/Battle.net/bnetdocs/contentbb30bb30.html]
[bhfiles.com/files/Battle.net/bnetdocs/contentb18ab18a.html]
[bhfiles.com/files/Battle.net/bnetdocs/content94a894a8.html]
[bhfiles.com/files/Battle.net/bnetdocs/content1eec1eec.html]
[bhfiles.com/files/Battle.net/bnetdocs/content9c399c39.html]
[bhfiles.com/files/Battle.net/bnetdocs/contented08ed08.html]
[bhfiles.com/files/Battle.net/bnetdocs/content9d4e9d4e.html]
[bhfiles.com/files/Battle.net/bnetdocs/contentc443c443.html]
[bhfiles.com/files/Battle.net/bnetdocs/content84538453.html]
[bhfiles.com/files/Battle.net/bnetdocs/content036f036f.html]
[bhfiles.com/files/Battle.net/bnetdocs/content03ff03ff.html]
[bhfiles.com/files/Battle.net/bnetdocs/content78af78af.html]
[bhfiles.com/files/Battle.net/bnetdocs/content3e283e28.html]
[bhfiles.com/files/Battle.net/bnetdocs/content96269626.html]
[bhfiles.com/files/Battle.net/bnetdocs/content21482148.html]
[bhfiles.com/files/Battle.net/bnetdocs/contentf8d5f8d5.html]
[bhfiles.com/files/Battle.net/bnetdocs/content06b806b8.html]
[bhfiles.com/files/Battle.net/bnetdocs/content93db93db.html]
[bhfiles.com/files/Battle.net/bnetdocs/content1ded1ded.html]
[bhfiles.com/files/Battle.net/bnetdocs/contentb198b198.html]
[bhfiles.com/files/Battle.net/bnetdocs/content5d9d5d9d.html]
[bhfiles.com/files/Battle.net/bnetdocs/contentdb60db60.html]
[bhfiles.com/files/Battle.net/bnetdocs/contentb8ffb8ff.html]
[bhfiles.com/files/Battle.net/bnetdocs/content076c076c.html]
[bhfiles.com/files/Battle.net/bnetdocs/contentf866f866.html]
[bhfiles.com/files/Battle.net/bnetdocs/content92379237.html]
[bhfiles.com/files/Battle.net/bnetdocs/contentdccfdccf.html]
[bhfiles.com/files/Battle.net/bnetdocs/content51005100.html]
[bhfiles.com/files/Battle.net/bnetdocs/contentaa15aa15.html]
[bhfiles.com/files/Battle.net/bnetdocs/content664e664e.html]
[bhfiles.com/files/Battle.net/bnetdocs/contentbbfdbbfd.html]
[bhfiles.com/files/Battle.net/bnetdocs/content682d682d.html]
[bhfiles.com/files/Battle.net/bnetdocs/contentf4f2f4f2.html]
[bhfiles.com/files/Battle.net/bnetdocs/content06900690.html]
[bhfiles.com/files/Battle.net/bnetdocs/contentfe52fe52.html]
[bhfiles.com/files/Battle.net/bnetdocs/contentab42ab42.html]
[bhfiles.com/files/Battle.net/bnetdocs/content7cc37cc3.html]
[bhfiles.com/files/Battle.net/bnetdocs/content43f243f2.html]
[bhfiles.com/files/Battle.net/bnetdocs/content277a277a.html]
[bhfiles.com/files/Battle.net/bnetdocs/content889f889f.html]
[bhfiles.com/files/Battle.net/bnetdocs/contente3b4e3b4.html]
[bhfiles.com/files/Battle.net/bnetdocs/content11a211a2.html]
[bhfiles.com/files/Battle.net/bnetdocs/content89418941.html]
[bhfiles.com/files/Battle.net/bnetdocs/content11641164.html]
[bhfiles.com/files/Battle.net/bnetdocs/content26b926b9.html]
[bhfiles.com/files/Battle.net/bnetdocs/content95079507.html]
[bhfiles.com/files/Battle.net/bnetdocs/content8b8e8b8e.html]
[bhfiles.com/files/Battle.net/bnetdocs/content99d899d8.html]
[bhfiles.com/files/Battle.net/bnetdocs/contentaf8daf8d.html]
[bhfiles.com/files/Battle.net/bnetdocs/content2a322a32.html]
[bhfiles.com/files/Battle.net/bnetdocs/content19ab19ab.html]
[bhfiles.com/files/Battle.net/bnetdocs/contentf05cf05c.html]
[bhfiles.com/files/Battle.net/bnetdocs/content89dd89dd.html]
[bhfiles.com/files/Battle.net/bnetdocs/contenta248a248.html]
[bhfiles.com/files/Battle.net/bnetdocs/content23d223d2.html]
[bhfiles.com/files/Battle.net/bnetdocs/contenta546a546.html]
[bhfiles.com/files/Battle.net/bnetdocs/content9b3b9b3b.html]
[bhfiles.com/files/Battle.net/bnetdocs/content5fa05fa0.html]
[bhfiles.com/files/Battle.net/bnetdocs/content1e4d1e4d.html]
[bhfiles.com/files/Battle.net/bnetdocs/contentdadadada.html]
[bhfiles.com/files/Battle.net/bnetdocs/content65a365a3.html]
[bhfiles.com/files/Battle.net/bnetdocs/content723d723d.html]
[bhfiles.com/files/Battle.net/bnetdocs/content48214821.html]
[bhfiles.com/files/Battle.net/bnetdocs/content847b847b.html]
[bhfiles.com/files/Battle.net/bnetdocs/content32c432c4.html]
[bhfiles.com/files/Battle.net/bnetdocs/contenteeb4eeb4.html]
[bhfiles.com/files/Battle.net/bnetdocs/contentb104b104.html]
[bhfiles.com/files/Battle.net/bnetdocs/content9b749b74.html]
[bhfiles.com/files/Battle.net/bnetdocs/content636a636a.html]
[bhfiles.com/files/Battle.net/bnetdocs/contenta138a138.html]
[bhfiles.com/files/Battle.net/bnetdocs/content10a010a0.html]
[bhfiles.com/files/Battle.net/bnetdocs/contenteb53eb53.html]
[bhfiles.com/files/Battle.net/bnetdocs/content2c7a2c7a.html]
[bhfiles.com/files/Battle.net/bnetdocs/content2b292b29.html]
[bhfiles.com/files/Battle.net/bnetdocs/constsf771f771.txt]
[bhfiles.com/files/Battle.net/bnetdocs/consts0bd20bd2.txt]
[bhfiles.com/files/Battle.net/bnetdocs/consts021e021e.txt]
[bhfiles.com/files/Battle.net/bnetdocs/contentb7d8b7d8.html]
[bhfiles.com/files/Battle.net/bnetdocs/content319c319c.html]
[bhfiles.com/files/Battle.net/bnetdocs/contente80ae80a.html]
[bhfiles.com/files/Battle.net/bnetdocs/content71d571d5.html]
[bhfiles.com/files/Battle.net/bnetdocs/constsdab1dab1.txt]
[bhfiles.com/files/Battle.net/bnetdocs/content4f254f25.html]
[bhfiles.com/files/Battle.net/bnetdocs/constsc51dc51d.txt]
[bhfiles.com/files/Battle.net/bnetdocs/consts85e185e1.txt]
[bhfiles.com/files/Battle.net/bnetdocs/contentafa6afa6.html]
[bhfiles.com/files/Battle.net/bnetdocs/contentd9e0d9e0.html]
[bhfiles.com/files/Battle.net/bnetdocs/content1b151b15.html]
[bhfiles.com/files/Battle.net/bnetdocs/content822e822e.html]
[bhfiles.com/files/Battle.net/bnetdocs/content38a938a9.html]
[bhfiles.com/files/Battle.net/bnetdocs/contentc581c581.html]
[bhfiles.com/files/Battle.net/bnetdocs/content68596859.html]
[bhfiles.com/files/Battle.net/bnetdocs/content07220722.html]
[bhfiles.com/files/Battle.net/bnetdocs/content9f1c9f1c.html]
[bhfiles.com/files/Battle.net/bnetdocs/contentd44dd44d.html]
[bhfiles.com/files/Battle.net/bnetdocs/content36f936f9.html]
[bhfiles.com/files/Battle.net/bnetdocs/content2cd12cd1.html]
[bhfiles.com/files/Battle.net/bnetdocs/content28392839.html]
[bhfiles.com/files/Battle.net/bnetdocs/contentbdf6bdf6.html]
[bhfiles.com/files/Battle.net/bnetdocs/contentbc54bc54.html]
[bhfiles.com/files/Battle.net/bnetdocs/contentfb46fb46.html]
[bhfiles.com/files/Battle.net/bnetdocs/content01ea01ea.html]
[bhfiles.com/files/Battle.net/bnetdocs/contentc8a7c8a7.html]
[bhfiles.com/files/Battle.net/bnetdocs/content360c360c.html]
[bhfiles.com/files/Battle.net/bnetdocs/contentb327b327.html]
[bhfiles.com/files/Battle.net/bnetdocs/contentad8cad8c.html]
[bhfiles.com/files/Battle.net/bnetdocs/contenta786a786.html]
[bhfiles.com/files/Battle.net/bnetdocs/content11f911f9.html]
[bhfiles.com/files/Battle.net/bnetdocs/content734e734e.html]
[bhfiles.com/files/Battle.net/bnetdocs/content05850585.html]
[bhfiles.com/files/Battle.net/bnetdocs/contentc081c081.html]
[bhfiles.com/files/Battle.net/bnetdocs/content8c958c95.html]
[bhfiles.com/files/Battle.net/bnetdocs/consts9f289f28.txt]
[bhfiles.com/files/Battle.net/bnetdocs/content435c435c.html]
[bhfiles.com/files/Battle.net/bnetdocs/consts81a481a4.txt]
[bhfiles.com/files/Battle.net/bnetdocs/consts4e0b4e0b.txt]
[bhfiles.com/files/Battle.net/bnetdocs/content181f181f.html]
[bhfiles.com/files/Battle.net/bnetdocs/contentd049d049.html]
[bhfiles.com/files/Battle.net/bnetdocs/content71657165.html]
[bhfiles.com/files/Battle.net/bnetdocs/contentef92ef92.html]
[bhfiles.com/files/Battle.net/bnetdocs/contentddfaddfa.html]
[bhfiles.com/files/Battle.net/bnetdocs/content46a546a5.html]
[bhfiles.com/files/Battle.net/bnetdocs/contenta0e6a0e6.html]
[bhfiles.com/files/Battle.net/bnetdocs/content29fb29fb.html]
[bhfiles.com/files/Battle.net/bnetdocs/content97c997c9.html]
[bhfiles.com/files/Battle.net/bnetdocs/content43bf43bf.html]
[bhfiles.com/files/Battle.net/bnetdocs/content0aee0aee.html]
[bhfiles.com/files/Battle.net/bnetdocs/content259c259c.html]
[bhfiles.com/files/Battle.net/bnetdocs/content6ebd6ebd.html]
[bhfiles.com/files/Battle.net/bnetdocs/contentb6fdb6fd.html]
[bhfiles.com/files/Battle.net/bnetdocs/contenta2aca2ac.html]
[bhfiles.com/files/Battle.net/bnetdocs/contentfd46fd46.html]
[bhfiles.com/files/Battle.net/bnetdocs/content1dce1dce.html]
[bhfiles.com/files/Battle.net/bnetdocs/content94419441.html]
[bhfiles.com/files/Battle.net/bnetdocs/contentc7dec7de.html]
[bhfiles.com/files/Battle.net/bnetdocs/content2b5f2b5f.html]
[bhfiles.com/files/Battle.net/bnetdocs/content92209220.html]
[bhfiles.com/files/Battle.net/bnetdocs/contentaeefaeef.html]
[bhfiles.com/files/Battle.net/bnetdocs/content8a978a97.html]
[bhfiles.com/files/Battle.net/bnetdocs/content17ae17ae.html]
[bhfiles.com/files/Battle.net/bnetdocs/content67636763.html]
[bhfiles.com/files/Battle.net/bnetdocs/content67d867d8.html]
[bhfiles.com/files/Battle.net/bnetdocs/content1c6d1c6d.html]
[bhfiles.com/files/Battle.net/bnetdocs/contenta164a164.html]
[bhfiles.com/files/Battle.net/bnetdocs/contentbde5bde5.html]
[bhfiles.com/files/Battle.net/bnetdocs/contentd035d035.html]
[bhfiles.com/files/Battle.net/bnetdocs/contentea28ea28.html]
[bhfiles.com/files/Battle.net/bnetdocs/content99129912.html]
[bhfiles.com/files/Battle.net/bnetdocs/content94a094a0.html]
[bhfiles.com/files/Battle.net/bnetdocs/content0bc30bc3.html]
[bhfiles.com/files/Battle.net/bnetdocs/contente937e937.html]
[bhfiles.com/files/Battle.net/bnetdocs/content64506450.html]
[bhfiles.com/files/Battle.net/bnetdocs/contentc215c215.html]
[bhfiles.com/files/Battle.net/bnetdocs/content332c332c.html]
[bhfiles.com/files/Battle.net/bnetdocs/contentfb3ffb3f.html]
[bhfiles.com/files/Battle.net/bnetdocs/content908c908c.html]
[bhfiles.com/files/Battle.net/bnetdocs/content5bf75bf7.html]
[bhfiles.com/files/Battle.net/bnetdocs/content32f132f1.html]
[bhfiles.com/files/Battle.net/bnetdocs/content62626262.html]
[bhfiles.com/files/Battle.net/bnetdocs/contentd823d823.html]
[bhfiles.com/files/Battle.net/bnetdocs/contented79ed79.html]
[bhfiles.com/files/Battle.net/bnetdocs/content60756075.html]
[bhfiles.com/files/Battle.net/bnetdocs/content974e974e.html]
[bhfiles.com/files/Battle.net/bnetdocs/content00950095.html]
[bhfiles.com/files/Battle.net/bnetdocs/content1dde1dde.html]
[bhfiles.com/files/Battle.net/bnetdocs/content22532253.html]
[bhfiles.com/files/Battle.net/bnetdocs/content93979397.html]
[bhfiles.com/files/Battle.net/bnetdocs/content36433643.html]
[bhfiles.com/files/Battle.net/bnetdocs/contentd62ed62e.html]
[bhfiles.com/files/Battle.net/bnetdocs/content1bf61bf6.html]
[bhfiles.com/files/Battle.net/bnetdocs/contenta1ffa1ff.html]
[bhfiles.com/files/Battle.net/bnetdocs/contentc6c4c6c4.html]
[bhfiles.com/files/Battle.net/bnetdocs/content1f9b1f9b.html]
[bhfiles.com/files/Battle.net/bnetdocs/content8d288d28.html]
[bhfiles.com/files/Battle.net/bnetdocs/content7fc57fc5.html]
[bhfiles.com/files/Battle.net/bnetdocs/constsf840f840.txt]
[bhfiles.com/files/Battle.net/bnetdocs/consts96f996f9.txt]
[bhfiles.com/files/Battle.net/bnetdocs/constsed46ed46.txt]
[bhfiles.com/files/Battle.net/bnetdocs/content9e1c9e1c.html]
[bhfiles.com/files/Battle.net/bnetdocs/contentaa7daa7d.html]
[bhfiles.com/files/Battle.net/bnetdocs/content700d700d.html]
[bhfiles.com/files/Battle.net/bnetdocs/content57345734.html]
[bhfiles.com/files/Battle.net/bnetdocs/content352d352d.html]
[bhfiles.com/files/Battle.net/bnetdocs/contenta8b1a8b1.html]
[bhfiles.com/files/Battle.net/bnetdocs/contentefc7efc7.html]
[bhfiles.com/files/Battle.net/bnetdocs/content7e137e13.html]
[bhfiles.com/files/Battle.net/bnetdocs/content8ce38ce3.html]
[bhfiles.com/files/Battle.net/bnetdocs/content1e8f1e8f.html]
[bhfiles.com/files/Battle.net/bnetdocs/contentf054f054.html]
[bhfiles.com/files/Battle.net/bnetdocs/content15661566.html]
[bhfiles.com/files/Battle.net/bnetdocs/contentd544d544.html]
[bhfiles.com/files/Battle.net/bnetdocs/content4d084d08.html]
[bhfiles.com/files/Battle.net/bnetdocs/content09870987.html]
[bhfiles.com/files/Battle.net/bnetdocs/content6e216e21.html]
[bhfiles.com/files/Battle.net/bnetdocs/contentca15ca15.html]
[bhfiles.com/files/Battle.net/bnetdocs/contentf191f191.html]
[bhfiles.com/files/Battle.net/bnetdocs/contente563e563.html]
[bhfiles.com/files/Battle.net/bnetdocs/contentab35ab35.html]
[bhfiles.com/files/Battle.net/bnetdocs/content5cd75cd7.html]
[bhfiles.com/files/Battle.net/bnetdocs/content5d875d87.html]
[bhfiles.com/files/Battle.net/bnetdocs/contentd17bd17b.html]
[bhfiles.com/files/Battle.net/bnetdocs/contentbd51bd51.html]
[bhfiles.com/files/Battle.net/bnetdocs/constsc97fc97f.txt]
[bhfiles.com/files/Battle.net/bnetdocs/content4d014d01.html]
[bhfiles.com/files/Battle.net/bnetdocs/consts37de37de.txt]
[bhfiles.com/files/Battle.net/bnetdocs/constse70de70d.txt]
[bhfiles.com/files/Battle.net/bnetdocs/contentca14ca14.html]
[bhfiles.com/files/Battle.net/bnetdocs/content3c723c72.html]
[bhfiles.com/files/Battle.net/bnetdocs/content150c150c.html]
[bhfiles.com/files/Battle.net/bnetdocs/contenta76ca76c.html]
[bhfiles.com/files/Battle.net/bnetdocs/contentb8d3b8d3.html]
[bhfiles.com/files/Battle.net/bnetdocs/content27002700.html]
[bhfiles.com/files/Battle.net/bnetdocs/contentc468c468.html]
[bhfiles.com/files/Battle.net/bnetdocs/content3e7c3e7c.html]
[bhfiles.com/files/Battle.net/bnetdocs/content60ff60ff.html]
[bhfiles.com/files/Battle.net/bnetdocs/content0cdd0cdd.html]
[bhfiles.com/files/Battle.net/bnetdocs/content1c611c61.html]
[bhfiles.com/files/Battle.net/bnetdocs/contentb3c3b3c3.html]
[bhfiles.com/files/Battle.net/bnetdocs/content561c561c.html]
[bhfiles.com/files/Battle.net/bnetdocs/contentee02ee02.html]
[bhfiles.com/files/Battle.net/bnetdocs/contentc25fc25f.html]
[bhfiles.com/files/Battle.net/bnetdocs/content5a825a82.html]
[bhfiles.com/files/Battle.net/bnetdocs/content54085408.html]
[bhfiles.com/files/Battle.net/bnetdocs/contentce2ace2a.html]
[bhfiles.com/files/Battle.net/bnetdocs/content60866086.html]
[bhfiles.com/files/Battle.net/bnetdocs/content0b6f0b6f.html]
[bhfiles.com/files/Battle.net/bnetdocs/content06300630.html]
[bhfiles.com/files/Battle.net/bnetdocs/content9db19db1.html]
[bhfiles.com/files/Battle.net/bnetdocs/contente314e314.html]
[bhfiles.com/files/Battle.net/bnetdocs/contentc0efc0ef.html]
[bhfiles.com/files/Battle.net/bnetdocs/contentce61ce61.html]
[bhfiles.com/files/Battle.net/bnetdocs/content98e298e2.html]
[bhfiles.com/files/Battle.net/bnetdocs/content5d795d79.html]
[bhfiles.com/files/Battle.net/bnetdocs/contentfbbcfbbc.html]
[bhfiles.com/files/Battle.net/bnetdocs/contentee15ee15.html]
[bhfiles.com/files/Battle.net/bnetdocs/content3f063f06.html]
[bhfiles.com/files/Battle.net/bnetdocs/content48fc48fc.html]
[bhfiles.com/files/Battle.net/bnetdocs/content3d323d32.html]
[bhfiles.com/files/Battle.net/bnetdocs/content1ca71ca7.html]
[bhfiles.com/files/Battle.net/bnetdocs/content85968596.html]
[bhfiles.com/files/Battle.net/bnetdocs/content771d771d.html]
[bhfiles.com/files/Battle.net/bnetdocs/content77ac77ac.html]
[bhfiles.com/files/Battle.net/bnetdocs/contentc8d2c8d2.html]
[bhfiles.com/files/Battle.net/bnetdocs/contentac65ac65.html]
[bhfiles.com/files/Battle.net/bnetdocs/contentf4a6f4a6.html]
[bhfiles.com/files/Battle.net/bnetdocs/content881b881b.html]
[bhfiles.com/files/Battle.net/bnetdocs/content37643764.html]
[bhfiles.com/files/Battle.net/bnetdocs/content29f229f2.html]
[bhfiles.com/files/Battle.net/bnetdocs/contentd48cd48c.html]
[bhfiles.com/files/Battle.net/bnetdocs/constsdcfcdcfc.txt]
[bhfiles.com/files/Battle.net/bnetdocs/constsb627b627.txt]
[bhfiles.com/files/Battle.net/bnetdocs/content8c7f8c7f.html]
[bhfiles.com/files/Battle.net/bnetdocs/content15691569.html]
[bhfiles.com/files/Battle.net/bnetdocs/constsac54ac54.txt]
[bhfiles.com/files/Battle.net/bnetdocs/assets/rightline.gif]
[bhfiles.com/files/Battle.net/bnetdocs/assets/bottomleft.gif]
[bhfiles.com/files/Battle.net/bnetdocs/assets/bottomline.gif]
[bhfiles.com/files/Battle.net/bnetdocs/assets/bottomright.gif]
[pagead2.googlesyndication.com/pagead/f.txt]
[bhfiles.com/files/Battle.net/bnetdocs/content.html]
[www.statcounter.com/counter/counter.js]
[bhfiles.com/files/Battle.net/bnetdocs/content186c186c.html]
[bhfiles.com/files/Battle.net/bnetdocs/contentfe34fe34.html]
[bhfiles.com/files/Battle.net/bnetdocs/contentd41dd41d.html]
[bhfiles.com/files/Battle.net/bnetdocs/register.html]
[bhfiles.com/files/Battle.net/bnetdocs/forgotpass.html]
[bhfiles.com/files/Battle.net/bnetdocs/sequenced41dd41d.html]
[bhfiles.com/files/Battle.net/bnetdocs/content96266733.html]
[bhfiles.com/files/Battle.net/bnetdocs/content30ed61b6.html]
[bhfiles.com/files/Battle.net/bnetdocs/content21484745.html]
[bhfiles.com/files/Battle.net/bnetdocs/content91aa4f8b.html]
[bhfiles.com/files/Battle.net/bnetdocs/contentf8d5cfd1.html]
[bhfiles.com/files/Battle.net/bnetdocs/content06b8084c.html]
[bhfiles.com/files/Battle.net/bnetdocs/content8cdd76d9.html]
[bhfiles.com/files/Battle.net/bnetdocs/contentabf3843a.html]
[bhfiles.com/files/Battle.net/bnetdocs/contentf7f4382d.html]
[bhfiles.com/files/Battle.net/bnetdocs/content2106d235.html]
[bhfiles.com/files/Battle.net/bnetdocs/contentdfb2965b.html]
[bhfiles.com/files/Battle.net/bnetdocs/content9b0283bb.html]
[bhfiles.com/files/Battle.net/bnetdocs/contentd6d4ec70.html]
[bhfiles.com/files/Battle.net/bnetdocs/content9a0c67f5.html]
[bhfiles.com/files/Battle.net/bnetdocs/content17fc56e2.html]
[bhfiles.com/files/Battle.net/bnetdocs/contentc231874f.html]
[bhfiles.com/files/Battle.net/bnetdocs/contentfb8251fe.html]
[bhfiles.com/files/Battle.net/bnetdocs/contentcc75fabe.html]
[bhfiles.com/files/Battle.net/bnetdocs/content3edb9ce1.html]
[bhfiles.com/files/Battle.net/bnetdocs/content7e211539.html]
[bhfiles.com/files/Battle.net/bnetdocs/contentc1f3db38.html]
[bhfiles.com/files/Battle.net/bnetdocs/content2cc5ae57.html]
[bhfiles.com/files/Battle.net/bnetdocs/content34ffe10f.html]
[bhfiles.com/files/Battle.net/bnetdocs/content41a7e5ce.html]
[bhfiles.com/files/Battle.net/bnetdocs/contentb1988e59.html]
[bhfiles.com/files/Battle.net/bnetdocs/content5d9db014.html]
[bhfiles.com/files/Battle.net/bnetdocs/contentdb60a014.html]
[bhfiles.com/files/Battle.net/bnetdocs/content3d853d85.html]
[bhfiles.com/files/Battle.net/bnetdocs/sequence.html]
[bhfiles.com/files/Battle.net/bnetdocs/contenta523a523.html]
[bhfiles.com/files/Battle.net/bnetdocs/consts622b622b.txt]
[bhfiles.com/files/Battle.net/bnetdocs/constsbb0dbb0d.txt]
[bhfiles.com/files/Battle.net/bnetdocs/consts7e5e7e5e.txt]
[bhfiles.com/files/Battle.net/bnetdocs/consts08160816.txt]
[bhfiles.com/files/Battle.net/bnetdocs/consts1ec01ec0.txt]
[bhfiles.com/files/Battle.net/bnetdocs/constsb0cbb0cb.txt]
[bhfiles.com/files/Battle.net/bnetdocs/content49b649b6.html]
[bhfiles.com/files/Battle.net/bnetdocs/contentb416b416.html]
[bhfiles.com/files/Battle.net/bnetdocs/content2ea02ea0.html]
[bhfiles.com/files/Battle.net/bnetdocs/contentf7fff7ff.html]
[bhfiles.com/files/Battle.net/bnetdocs/content4c9d4c9d.html]
[bhfiles.com/files/Battle.net/bnetdocs/content3f183f18.html]
[bhfiles.com/files/Battle.net/bnetdocs/content91b591b5.html]
[bhfiles.com/files/Battle.net/bnetdocs/content9eee9eee.html]
[bhfiles.com/files/Battle.net/bnetdocs/contentd389d389.html]
[bhfiles.com/files/Battle.net/bnetdocs/content43234323.html]
[bhfiles.com/files/Battle.net/bnetdocs/contentcc3acc3a.html]
[bhfiles.com/files/Battle.net/bnetdocs/contentbb03bb03.html]
[bhfiles.com/files/Battle.net/bnetdocs/content9d2c9d2c.html]
[bhfiles.com/files/Battle.net/bnetdocs/contentfdeafdea.html]
[bhfiles.com/files/Battle.net/bnetdocs/contente72fe72f.html]
[bhfiles.com/files/Battle.net/bnetdocs/content2f5a2f5a.html]
[bhfiles.com/files/Battle.net/bnetdocs/contentcc3ac3c9.html]
[bhfiles.com/files/Battle.net/bnetdocs/content365b365b.html]
[bhfiles.com/files/Battle.net/bnetdocs/contentd62bd62b.html]
[bhfiles.com/files/Battle.net/bnetdocs/content92749274.html]
[bhfiles.com/files/Battle.net/bnetdocs/content02a002a0.html]
[bhfiles.com/files/Battle.net/bnetdocs/content7e217e21.html]
[bhfiles.com/files/Battle.net/bnetdocs/contentc1f3c1f3.html]
[bhfiles.com/files/Battle.net/bnetdocs/contentd6d4d6d4.html]
[bhfiles.com/files/Battle.net/bnetdocs/content17fc17fc.html]
[bhfiles.com/files/Battle.net/bnetdocs/contentc231c231.html]
[bhfiles.com/files/Battle.net/bnetdocs/contentfb82fb82.html]
[bhfiles.com/files/Battle.net/bnetdocs/content9c869c86.html]
[bhfiles.com/files/Battle.net/bnetdocs/content23062306.html]
[bhfiles.com/files/Battle.net/bnetdocs/contente57fe57f.html]
[bhfiles.com/files/Battle.net/bnetdocs/content8e9c8e9c.html]
[bhfiles.com/files/Battle.net/bnetdocs/content21062106.html]
[bhfiles.com/files/Battle.net/bnetdocs/content40f440f4.html]
[bhfiles.com/files/Battle.net/bnetdocs/contentd98cd98c.html]
[bhfiles.com/files/Battle.net/bnetdocs/contentcfbacfba.html]
[bhfiles.com/files/Battle.net/bnetdocs/content6cf46cf4.html]
[bhfiles.com/files/Battle.net/bnetdocs/contentcceeccee.html]
[bhfiles.com/files/Battle.net/bnetdocs/constsb7aab7aa.txt]
[bhfiles.com/files/Battle.net/bnetdocs/constseee8eee8.txt]
[bhfiles.com/files/Battle.net/bnetdocs/consts4b3b4b3b.txt]
[bhfiles.com/files/Battle.net/bnetdocs/contenta77ea77e.html]
[bhfiles.com/files/Battle.net/bnetdocs/contentbf79bf79.html]
[bhfiles.com/files/Battle.net/bnetdocs/content9b029b02.html]
[bhfiles.com/files/Battle.net/bnetdocs/content7d197d19.html]
[bhfiles.com/files/Battle.net/bnetdocs/contentf7f4f7f4.html]
[bhfiles.com/files/Battle.net/bnetdocs/content85918591.html]
[bhfiles.com/files/Battle.net/bnetdocs/content93389338.html]
[bhfiles.com/files/Battle.net/bnetdocs/content1cd31cd3.html]
[bhfiles.com/files/Battle.net/bnetdocs/content07f107f1.html]
[bhfiles.com/files/Battle.net/bnetdocs/contente839e839.html]
[bhfiles.com/files/Battle.net/bnetdocs/contentc21bc21b.html]
[bhfiles.com/files/Battle.net/bnetdocs/content30283028.html]
[bhfiles.com/files/Battle.net/bnetdocs/content55df55df.html]
[bhfiles.com/files/Battle.net/bnetdocs/content8e4f8e4f.html]
[bhfiles.com/files/Battle.net/bnetdocs/content3bf83bf8.html]
[bhfiles.com/files/Battle.net/bnetdocs/content9a0c9a0c.html]
[bhfiles.com/files/Battle.net/bnetdocs/contentdfb2dfb2.html]
[bhfiles.com/files/Battle.net/bnetdocs/contentbfe4bfe4.html]
[bhfiles.com/files/Battle.net/bnetdocs/content20192019.html]
[bhfiles.com/files/Battle.net/bnetdocs/content48264826.html]
[bhfiles.com/files/Battle.net/bnetdocs/content91aa91aa.html]
[bhfiles.com/files/Battle.net/bnetdocs/content30ed30ed.html]
[bhfiles.com/files/Battle.net/bnetdocs/contentca71ca71.html]
[bhfiles.com/files/Battle.net/bnetdocs/content0b380b38.html]
[bhfiles.com/files/Battle.net/bnetdocs/content148a148a.html]
[bhfiles.com/files/Battle.net/bnetdocs/content2cc52cc5.html]
[bhfiles.com/files/Battle.net/bnetdocs/content8cdd8cdd.html]
[bhfiles.com/files/Battle.net/bnetdocs/contentabf3abf3.html]
[bhfiles.com/files/Battle.net/bnetdocs/contenta5bda5bd.html]
[bhfiles.com/files/Battle.net/bnetdocs/content6d0d6d0d.html]
[bhfiles.com/files/Battle.net/bnetdocs/content32bf32bf.html]
[bhfiles.com/files/Battle.net/bnetdocs/content41584158.html]
[bhfiles.com/files/Battle.net/bnetdocs/content131f131f.html]
[bhfiles.com/files/Battle.net/bnetdocs/content123a123a.html]
[bhfiles.com/files/Battle.net/bnetdocs/contenta145a145.html]
[bhfiles.com/files/Battle.net/bnetdocs/content89098909.html]
[bhfiles.com/files/Battle.net/bnetdocs/content717d717d.html]
[bhfiles.com/files/Battle.net/bnetdocs/contente955e955.html]
[bhfiles.com/files/Battle.net/bnetdocs/content34ff34ff.html]
[bhfiles.com/files/Battle.net/bnetdocs/content41a741a7.html]
[bhfiles.com/files/Battle.net/bnetdocs/contentbe11be11.html]
[bhfiles.com/files/Battle.net/bnetdocs/content67036703.html]
[bhfiles.com/files/Battle.net/bnetdocs/contentc003c003.html]
[bhfiles.com/files/Battle.net/bnetdocs/contentee67ee67.html]
[bhfiles.com/files/Battle.net/bnetdocs/contente02de02d.html]
[bhfiles.com/files/Battle.net/bnetdocs/content48454845.html]
[bhfiles.com/files/Battle.net/bnetdocs/contentbc96bc96.html]
[bhfiles.com/files/Battle.net/bnetdocs/contentb2ccb2cc.html]
[bhfiles.com/files/Battle.net/bnetdocs/contentf9a7f9a7.html]
[bhfiles.com/files/Battle.net/bnetdocs/content84bf84bf.html]
[bhfiles.com/files/Battle.net/bnetdocs/contentcc75cc75.html]
[bhfiles.com/files/Battle.net/bnetdocs/content3edb3edb.html]
[bhfiles.com/files/Battle.net/bnetdocs/content69656965.html]
[bhfiles.com/files/Battle.net/bnetdocs/contentdb49db49.html]
[bhfiles.com/files/Battle.net/bnetdocs/content965b965b.html]
[bhfiles.com/files/Battle.net/bnetdocs/contentaf7caf7c.html]
[bhfiles.com/files/Battle.net/bnetdocs/content6b316b31.html]
[bhfiles.com/files/Battle.net/bnetdocs/content890d890d.html]
[bhfiles.com/files/Battle.net/bnetdocs/content20bf20bf.html]
[bhfiles.com/files/Battle.net/bnetdocs/content75157515.html]
[bhfiles.com/files/Battle.net/bnetdocs/contentbb30bb30.html]
[bhfiles.com/files/Battle.net/bnetdocs/contentb18ab18a.html]
[bhfiles.com/files/Battle.net/bnetdocs/content94a894a8.html]
[bhfiles.com/files/Battle.net/bnetdocs/content1eec1eec.html]
[bhfiles.com/files/Battle.net/bnetdocs/content9c399c39.html]
[bhfiles.com/files/Battle.net/bnetdocs/contented08ed08.html]
[bhfiles.com/files/Battle.net/bnetdocs/content9d4e9d4e.html]
[bhfiles.com/files/Battle.net/bnetdocs/contentc443c443.html]
[bhfiles.com/files/Battle.net/bnetdocs/content84538453.html]
[bhfiles.com/files/Battle.net/bnetdocs/content036f036f.html]
[bhfiles.com/files/Battle.net/bnetdocs/content03ff03ff.html]
[bhfiles.com/files/Battle.net/bnetdocs/content78af78af.html]
[bhfiles.com/files/Battle.net/bnetdocs/content3e283e28.html]
[bhfiles.com/files/Battle.net/bnetdocs/content96269626.html]
[bhfiles.com/files/Battle.net/bnetdocs/content21482148.html]
[bhfiles.com/files/Battle.net/bnetdocs/contentf8d5f8d5.html]
[bhfiles.com/files/Battle.net/bnetdocs/content06b806b8.html]
[bhfiles.com/files/Battle.net/bnetdocs/content93db93db.html]
[bhfiles.com/files/Battle.net/bnetdocs/content1ded1ded.html]
[bhfiles.com/files/Battle.net/bnetdocs/contentb198b198.html]
[bhfiles.com/files/Battle.net/bnetdocs/content5d9d5d9d.html]
[bhfiles.com/files/Battle.net/bnetdocs/contentdb60db60.html]
[bhfiles.com/files/Battle.net/bnetdocs/contentb8ffb8ff.html]
[bhfiles.com/files/Battle.net/bnetdocs/content076c076c.html]
[bhfiles.com/files/Battle.net/bnetdocs/contentf866f866.html]
[bhfiles.com/files/Battle.net/bnetdocs/content92379237.html]
[bhfiles.com/files/Battle.net/bnetdocs/contentdccfdccf.html]
[bhfiles.com/files/Battle.net/bnetdocs/content51005100.html]
[bhfiles.com/files/Battle.net/bnetdocs/contentaa15aa15.html]
[bhfiles.com/files/Battle.net/bnetdocs/content664e664e.html]
[bhfiles.com/files/Battle.net/bnetdocs/contentbbfdbbfd.html]
[bhfiles.com/files/Battle.net/bnetdocs/content682d682d.html]
[bhfiles.com/files/Battle.net/bnetdocs/contentf4f2f4f2.html]
[bhfiles.com/files/Battle.net/bnetdocs/content06900690.html]
[bhfiles.com/files/Battle.net/bnetdocs/contentfe52fe52.html]
[bhfiles.com/files/Battle.net/bnetdocs/contentab42ab42.html]
[bhfiles.com/files/Battle.net/bnetdocs/content7cc37cc3.html]
[bhfiles.com/files/Battle.net/bnetdocs/content43f243f2.html]
[bhfiles.com/files/Battle.net/bnetdocs/consts0c7c0c7c.txt]
[bhfiles.com/files/Battle.net/bnetdocs/consts01600160.txt]
[bhfiles.com/files/Battle.net/bnetdocs/constsb427b427.txt]
[bhfiles.com/files/Battle.net/bnetdocs/constsc875c875.txt]
[bhfiles.com/files/Battle.net/bnetdocs/constsf462f462.txt]
[bhfiles.com/files/Battle.net/bnetdocs/constsf74df74d.txt]
[bhfiles.com/files/Battle.net/bnetdocs/content277a277a.html]
[bhfiles.com/files/Battle.net/bnetdocs/content889f889f.html]
[bhfiles.com/files/Battle.net/bnetdocs/contente3b4e3b4.html]
[bhfiles.com/files/Battle.net/bnetdocs/content11a211a2.html]
[bhfiles.com/files/Battle.net/bnetdocs/content89418941.html]
[bhfiles.com/files/Battle.net/bnetdocs/content11641164.html]
[bhfiles.com/files/Battle.net/bnetdocs/content26b926b9.html]
[bhfiles.com/files/Battle.net/bnetdocs/consts8e5a8e5a.txt]
[bhfiles.com/files/Battle.net/bnetdocs/consts07720772.txt]
[bhfiles.com/files/Battle.net/bnetdocs/constsfb05fb05.txt]
[bhfiles.com/files/Battle.net/bnetdocs/content95079507.html]
[bhfiles.com/files/Battle.net/bnetdocs/content8b8e8b8e.html]
[bhfiles.com/files/Battle.net/bnetdocs/content99d899d8.html]
[bhfiles.com/files/Battle.net/bnetdocs/contentaf8daf8d.html]
[bhfiles.com/files/Battle.net/bnetdocs/content2a322a32.html]
[bhfiles.com/files/Battle.net/bnetdocs/content19ab19ab.html]
[bhfiles.com/files/Battle.net/bnetdocs/contentf05cf05c.html]
[bhfiles.com/files/Battle.net/bnetdocs/content89dd89dd.html]
[bhfiles.com/files/Battle.net/bnetdocs/contenta248a248.html]
[bhfiles.com/files/Battle.net/bnetdocs/content23d223d2.html]
[bhfiles.com/files/Battle.net/bnetdocs/contenta546a546.html]
[bhfiles.com/files/Battle.net/bnetdocs/content9b3b9b3b.html]
[bhfiles.com/files/Battle.net/bnetdocs/content5fa05fa0.html]
[bhfiles.com/files/Battle.net/bnetdocs/content1e4d1e4d.html]
[bhfiles.com/files/Battle.net/bnetdocs/contentdadadada.html]
[bhfiles.com/files/Battle.net/bnetdocs/content65a365a3.html]
[bhfiles.com/files/Battle.net/bnetdocs/content723d723d.html]
[bhfiles.com/files/Battle.net/bnetdocs/content48214821.html]
[bhfiles.com/files/Battle.net/bnetdocs/content847b847b.html]
[bhfiles.com/files/Battle.net/bnetdocs/content32c432c4.html]
[bhfiles.com/files/Battle.net/bnetdocs/contenteeb4eeb4.html]
[bhfiles.com/files/Battle.net/bnetdocs/contentb104b104.html]
[bhfiles.com/files/Battle.net/bnetdocs/content9b749b74.html]
[bhfiles.com/files/Battle.net/bnetdocs/content636a636a.html]
[bhfiles.com/files/Battle.net/bnetdocs/contenta138a138.html]
[bhfiles.com/files/Battle.net/bnetdocs/content10a010a0.html]
[bhfiles.com/files/Battle.net/bnetdocs/contenteb53eb53.html]
[bhfiles.com/files/Battle.net/bnetdocs/content2c7a2c7a.html]
[bhfiles.com/files/Battle.net/bnetdocs/content2b292b29.html]
[bhfiles.com/files/Battle.net/bnetdocs/contentb7d8b7d8.html]
[bhfiles.com/files/Battle.net/bnetdocs/content319c319c.html]
[bhfiles.com/files/Battle.net/bnetdocs/contente80ae80a.html]
[bhfiles.com/files/Battle.net/bnetdocs/content71d571d5.html]
[bhfiles.com/files/Battle.net/bnetdocs/content4f254f25.html]
[bhfiles.com/files/Battle.net/bnetdocs/contentafa6afa6.html]
[bhfiles.com/files/Battle.net/bnetdocs/contentd9e0d9e0.html]
[bhfiles.com/files/Battle.net/bnetdocs/content1b151b15.html]
[bhfiles.com/files/Battle.net/bnetdocs/content822e822e.html]
[bhfiles.com/files/Battle.net/bnetdocs/content38a938a9.html]
[bhfiles.com/files/Battle.net/bnetdocs/contentc581c581.html]
[bhfiles.com/files/Battle.net/bnetdocs/content68596859.html]
[bhfiles.com/files/Battle.net/bnetdocs/content07220722.html]
[bhfiles.com/files/Battle.net/bnetdocs/content9f1c9f1c.html]
[bhfiles.com/files/Battle.net/bnetdocs/contentd44dd44d.html]
[bhfiles.com/files/Battle.net/bnetdocs/content36f936f9.html]
[bhfiles.com/files/Battle.net/bnetdocs/content2cd12cd1.html]
[bhfiles.com/files/Battle.net/bnetdocs/content28392839.html]
[bhfiles.com/files/Battle.net/bnetdocs/contentbdf6bdf6.html]
[bhfiles.com/files/Battle.net/bnetdocs/contentbc54bc54.html]
[bhfiles.com/files/Battle.net/bnetdocs/contentfb46fb46.html]
[bhfiles.com/files/Battle.net/bnetdocs/content01ea01ea.html]
[bhfiles.com/files/Battle.net/bnetdocs/contentc8a7c8a7.html]
[bhfiles.com/files/Battle.net/bnetdocs/content360c360c.html]
[bhfiles.com/files/Battle.net/bnetdocs/contentb327b327.html]
[bhfiles.com/files/Battle.net/bnetdocs/contentad8cad8c.html]
[bhfiles.com/files/Battle.net/bnetdocs/contenta786a786.html]
[bhfiles.com/files/Battle.net/bnetdocs/content11f911f9.html]
[bhfiles.com/files/Battle.net/bnetdocs/content734e734e.html]
[bhfiles.com/files/Battle.net/bnetdocs/content05850585.html]
[bhfiles.com/files/Battle.net/bnetdocs/contentc081c081.html]
[bhfiles.com/files/Battle.net/bnetdocs/content8c958c95.html]
[bhfiles.com/files/Battle.net/bnetdocs/content435c435c.html]
[bhfiles.com/files/Battle.net/bnetdocs/content181f181f.html]
[bhfiles.com/files/Battle.net/bnetdocs/contentd049d049.html]
[bhfiles.com/files/Battle.net/bnetdocs/content71657165.html]
[bhfiles.com/files/Battle.net/bnetdocs/contentef92ef92.html]
[bhfiles.com/files/Battle.net/bnetdocs/contentddfaddfa.html]
[bhfiles.com/files/Battle.net/bnetdocs/content46a546a5.html]
[bhfiles.com/files/Battle.net/bnetdocs/contenta0e6a0e6.html]
[bhfiles.com/files/Battle.net/bnetdocs/content29fb29fb.html]
[bhfiles.com/files/Battle.net/bnetdocs/content97c997c9.html]
[bhfiles.com/files/Battle.net/bnetdocs/content43bf43bf.html]
[bhfiles.com/files/Battle.net/bnetdocs/content0aee0aee.html]
[bhfiles.com/files/Battle.net/bnetdocs/content259c259c.html]
[bhfiles.com/files/Battle.net/bnetdocs/content6ebd6ebd.html]
[bhfiles.com/files/Battle.net/bnetdocs/contentb6fdb6fd.html]
[bhfiles.com/files/Battle.net/bnetdocs/contenta2aca2ac.html]
[bhfiles.com/files/Battle.net/bnetdocs/contentfd46fd46.html]
[bhfiles.com/files/Battle.net/bnetdocs/content1dce1dce.html]
[bhfiles.com/files/Battle.net/bnetdocs/content94419441.html]
[bhfiles.com/files/Battle.net/bnetdocs/contentc7dec7de.html]
[bhfiles.com/files/Battle.net/bnetdocs/content2b5f2b5f.html]
[bhfiles.com/files/Battle.net/bnetdocs/content92209220.html]
[bhfiles.com/files/Battle.net/bnetdocs/contentaeefaeef.html]
[bhfiles.com/files/Battle.net/bnetdocs/content8a978a97.html]
[bhfiles.com/files/Battle.net/bnetdocs/content17ae17ae.html]
[bhfiles.com/files/Battle.net/bnetdocs/content67636763.html]
[bhfiles.com/files/Battle.net/bnetdocs/content67d867d8.html]
[bhfiles.com/files/Battle.net/bnetdocs/content1c6d1c6d.html]
[bhfiles.com/files/Battle.net/bnetdocs/contenta164a164.html]
[bhfiles.com/files/Battle.net/bnetdocs/contentbde5bde5.html]
[bhfiles.com/files/Battle.net/bnetdocs/contentd035d035.html]
[bhfiles.com/files/Battle.net/bnetdocs/contentea28ea28.html]
[bhfiles.com/files/Battle.net/bnetdocs/content99129912.html]
[bhfiles.com/files/Battle.net/bnetdocs/content94a094a0.html]
[bhfiles.com/files/Battle.net/bnetdocs/content0bc30bc3.html]
[bhfiles.com/files/Battle.net/bnetdocs/contente937e937.html]
[bhfiles.com/files/Battle.net/bnetdocs/content64506450.html]
[bhfiles.com/files/Battle.net/bnetdocs/contentc215c215.html]
[bhfiles.com/files/Battle.net/bnetdocs/content332c332c.html]
[bhfiles.com/files/Battle.net/bnetdocs/contentfb3ffb3f.html]
[bhfiles.com/files/Battle.net/bnetdocs/content908c908c.html]
[bhfiles.com/files/Battle.net/bnetdocs/content5bf75bf7.html]
[bhfiles.com/files/Battle.net/bnetdocs/content32f132f1.html]
[bhfiles.com/files/Battle.net/bnetdocs/content62626262.html]
[bhfiles.com/files/Battle.net/bnetdocs/contentd823d823.html]
[bhfiles.com/files/Battle.net/bnetdocs/contented79ed79.html]
[bhfiles.com/files/Battle.net/bnetdocs/content60756075.html]
[bhfiles.com/files/Battle.net/bnetdocs/content974e974e.html]
[bhfiles.com/files/Battle.net/bnetdocs/content00950095.html]
[bhfiles.com/files/Battle.net/bnetdocs/content1dde1dde.html]
[bhfiles.com/files/Battle.net/bnetdocs/content22532253.html]
[bhfiles.com/files/Battle.net/bnetdocs/content93979397.html]
[bhfiles.com/files/Battle.net/bnetdocs/content36433643.html]
[bhfiles.com/files/Battle.net/bnetdocs/contentd62ed62e.html]
[bhfiles.com/files/Battle.net/bnetdocs/content1bf61bf6.html]
[bhfiles.com/files/Battle.net/bnetdocs/contenta1ffa1ff.html]
[bhfiles.com/files/Battle.net/bnetdocs/contentc6c4c6c4.html]
[bhfiles.com/files/Battle.net/bnetdocs/content1f9b1f9b.html]
[bhfiles.com/files/Battle.net/bnetdocs/content8d288d28.html]
[bhfiles.com/files/Battle.net/bnetdocs/content7fc57fc5.html]
[bhfiles.com/files/Battle.net/bnetdocs/content9e1c9e1c.html]
[bhfiles.com/files/Battle.net/bnetdocs/contentaa7daa7d.html]
[bhfiles.com/files/Battle.net/bnetdocs/content700d700d.html]
[bhfiles.com/files/Battle.net/bnetdocs/content57345734.html]
[bhfiles.com/files/Battle.net/bnetdocs/content352d352d.html]
[bhfiles.com/files/Battle.net/bnetdocs/contenta8b1a8b1.html]
[bhfiles.com/files/Battle.net/bnetdocs/contentefc7efc7.html]
[bhfiles.com/files/Battle.net/bnetdocs/content7e137e13.html]
[bhfiles.com/files/Battle.net/bnetdocs/content8ce38ce3.html]
[bhfiles.com/files/Battle.net/bnetdocs/content1e8f1e8f.html]
[bhfiles.com/files/Battle.net/bnetdocs/contentf054f054.html]
[bhfiles.com/files/Battle.net/bnetdocs/content15661566.html]
[bhfiles.com/files/Battle.net/bnetdocs/contentd544d544.html]
[bhfiles.com/files/Battle.net/bnetdocs/content4d084d08.html]
[bhfiles.com/files/Battle.net/bnetdocs/content09870987.html]
[bhfiles.com/files/Battle.net/bnetdocs/content6e216e21.html]
[bhfiles.com/files/Battle.net/bnetdocs/contentca15ca15.html]
[bhfiles.com/files/Battle.net/bnetdocs/contentf191f191.html]
[bhfiles.com/files/Battle.net/bnetdocs/contente563e563.html]
[bhfiles.com/files/Battle.net/bnetdocs/contentab35ab35.html]
[bhfiles.com/files/Battle.net/bnetdocs/content5cd75cd7.html]
[bhfiles.com/files/Battle.net/bnetdocs/content5d875d87.html]
[bhfiles.com/files/Battle.net/bnetdocs/contentd17bd17b.html]
[bhfiles.com/files/Battle.net/bnetdocs/contentbd51bd51.html]
[bhfiles.com/files/Battle.net/bnetdocs/content4d014d01.html]
[bhfiles.com/files/Battle.net/bnetdocs/contentca14ca14.html]
[bhfiles.com/files/Battle.net/bnetdocs/content3c723c72.html]
[bhfiles.com/files/Battle.net/bnetdocs/content150c150c.html]
[bhfiles.com/files/Battle.net/bnetdocs/contenta76ca76c.html]
[bhfiles.com/files/Battle.net/bnetdocs/contentb8d3b8d3.html]
[bhfiles.com/files/Battle.net/bnetdocs/content27002700.html]
[bhfiles.com/files/Battle.net/bnetdocs/contentc468c468.html]
[bhfiles.com/files/Battle.net/bnetdocs/content60ff60ff.html]
[bhfiles.com/files/Battle.net/bnetdocs/content3e7c3e7c.html]
[bhfiles.com/files/Battle.net/bnetdocs/content0cdd0cdd.html]
[bhfiles.com/files/Battle.net/bnetdocs/content1c611c61.html]
[bhfiles.com/files/Battle.net/bnetdocs/contentb3c3b3c3.html]
[bhfiles.com/files/Battle.net/bnetdocs/content561c561c.html]
[bhfiles.com/files/Battle.net/bnetdocs/contentee02ee02.html]
[bhfiles.com/files/Battle.net/bnetdocs/contentc25fc25f.html]
[bhfiles.com/files/Battle.net/bnetdocs/content5a825a82.html]
[bhfiles.com/files/Battle.net/bnetdocs/content54085408.html]
[bhfiles.com/files/Battle.net/bnetdocs/consts8bfe8bfe.txt]
[bhfiles.com/files/Battle.net/bnetdocs/consts11fc11fc.txt]
[bhfiles.com/files/Battle.net/bnetdocs/consts32333233.txt]
[bhfiles.com/files/Battle.net/bnetdocs/contentce2ace2a.html]
[bhfiles.com/files/Battle.net/bnetdocs/content60866086.html]
[bhfiles.com/files/Battle.net/bnetdocs/content0b6f0b6f.html]
[bhfiles.com/files/Battle.net/bnetdocs/content06300630.html]
[bhfiles.com/files/Battle.net/bnetdocs/consts2acf2acf.txt]
[bhfiles.com/files/Battle.net/bnetdocs/consts50635063.txt]
[bhfiles.com/files/Battle.net/bnetdocs/constsea7eea7e.txt]
[bhfiles.com/files/Battle.net/bnetdocs/content9db19db1.html]
[bhfiles.com/files/Battle.net/bnetdocs/contente314e314.html]
[bhfiles.com/files/Battle.net/bnetdocs/constsf0b1f0b1.txt]
[bhfiles.com/files/Battle.net/bnetdocs/constsb76cb76c.txt]
[bhfiles.com/files/Battle.net/bnetdocs/constsf349f349.txt]
[bhfiles.com/files/Battle.net/bnetdocs/contentc0efc0ef.html]
[bhfiles.com/files/Battle.net/bnetdocs/contentce61ce61.html]
[bhfiles.com/files/Battle.net/bnetdocs/content98e298e2.html]
[bhfiles.com/files/Battle.net/bnetdocs/content5d795d79.html]
[bhfiles.com/files/Battle.net/bnetdocs/contentfbbcfbbc.html]
[bhfiles.com/files/Battle.net/bnetdocs/contentee15ee15.html]
[bhfiles.com/files/Battle.net/bnetdocs/content3f063f06.html]
[bhfiles.com/files/Battle.net/bnetdocs/consts657e657e.txt]
[bhfiles.com/files/Battle.net/bnetdocs/consts7b0f7b0f.txt]
[bhfiles.com/files/Battle.net/bnetdocs/constsbe57be57.txt]
[bhfiles.com/files/Battle.net/bnetdocs/content48fc48fc.html]
[bhfiles.com/files/Battle.net/bnetdocs/content3d323d32.html]
[bhfiles.com/files/Battle.net/bnetdocs/content1ca71ca7.html]
[bhfiles.com/files/Battle.net/bnetdocs/content85968596.html]
[bhfiles.com/files/Battle.net/bnetdocs/content771d771d.html]
[bhfiles.com/files/Battle.net/bnetdocs/content77ac77ac.html]
[bhfiles.com/files/Battle.net/bnetdocs/contentc8d2c8d2.html]
[bhfiles.com/files/Battle.net/bnetdocs/contentac65ac65.html]
[bhfiles.com/files/Battle.net/bnetdocs/contentf4a6f4a6.html]
[bhfiles.com/files/Battle.net/bnetdocs/content881b881b.html]
[bhfiles.com/files/Battle.net/bnetdocs/content37643764.html]
[bhfiles.com/files/Battle.net/bnetdocs/content29f229f2.html]
[bhfiles.com/files/Battle.net/bnetdocs/contentd48cd48c.html]
[bhfiles.com/files/Battle.net/bnetdocs/content8c7f8c7f.html]
[bhfiles.com/files/Battle.net/bnetdocs/content15691569.html]
[bhfiles.com/files/Battle.net/bnetdocs/arta_valhallalegends.html]
[bhfiles.com/files/Battle.net/bnetdocs/008000.html]
[bhfiles.com/files/Battle.net/bnetdocs/wz_tooltip.js]
[bhfiles.com/files/Battle.net/bnetdocs/http.html]
[bhfiles.com/files/Battle.net/bnetdocs/https.html]
[bhfiles.com/files/Battle.net/bnetdocs/textd41d.html]
[bhfiles.com/files/Battle.net/bnetdocs/td41d.html]
[bhfiles.com/files/Battle.net/bnetdocs/sequenced41dd41d.html]
[bhfiles.com/files/Battle.net/bnetdocs/content96266733.html]
[bhfiles.com/files/Battle.net/bnetdocs/content30ed61b6.html]
[bhfiles.com/files/Battle.net/bnetdocs/content21484745.html]
[bhfiles.com/files/Battle.net/bnetdocs/content91aa4f8b.html]
[bhfiles.com/files/Battle.net/bnetdocs/contentf8d5cfd1.html]
[bhfiles.com/files/Battle.net/bnetdocs/content06b8084c.html]
[bhfiles.com/files/Battle.net/bnetdocs/content8cdd76d9.html]
[bhfiles.com/files/Battle.net/bnetdocs/contentabf3843a.html]
[bhfiles.com/files/Battle.net/bnetdocs/contentf7f4382d.html]
[bhfiles.com/files/Battle.net/bnetdocs/content2106d235.html]
[bhfiles.com/files/Battle.net/bnetdocs/contentdfb2965b.html]
[bhfiles.com/files/Battle.net/bnetdocs/content9b0283bb.html]
[bhfiles.com/files/Battle.net/bnetdocs/contentd6d4ec70.html]
[bhfiles.com/files/Battle.net/bnetdocs/content9a0c67f5.html]
[bhfiles.com/files/Battle.net/bnetdocs/content61b6.html]
[bhfiles.com/files/Battle.net/bnetdocs/content17fc56e2.html]
[bhfiles.com/files/Battle.net/bnetdocs/content4f8b.html]
[bhfiles.com/files/Battle.net/bnetdocs/contentc231874f.html]
[bhfiles.com/files/Battle.net/bnetdocs/contentfb8251fe.html]
[bhfiles.com/files/Battle.net/bnetdocs/content382d.html]
[bhfiles.com/files/Battle.net/bnetdocs/contentcc75fabe.html]
[bhfiles.com/files/Battle.net/bnetdocs/content3edb9ce1.html]
[bhfiles.com/files/Battle.net/bnetdocs/content76d9.html]
[bhfiles.com/files/Battle.net/bnetdocs/content843a.html]
[bhfiles.com/files/Battle.net/bnetdocs/contentd235.html]
[bhfiles.com/files/Battle.net/bnetdocs/content7e211539.html]
[bhfiles.com/files/Battle.net/bnetdocs/contentec70.html]
[bhfiles.com/files/Battle.net/bnetdocs/contentc1f3db38.html]
[bhfiles.com/files/Battle.net/bnetdocs/content2cc5ae57.html]
[bhfiles.com/files/Battle.net/bnetdocs/content56e2.html]
[bhfiles.com/files/Battle.net/bnetdocs/content874f.html]
[bhfiles.com/files/Battle.net/bnetdocs/content51fe.html]
[bhfiles.com/files/Battle.net/bnetdocs/content1539.html]
[bhfiles.com/files/Battle.net/bnetdocs/contentdb38.html]
[bhfiles.com/files/Battle.net/bnetdocs/contentae57.html]
[bhfiles.com/files/Battle.net/bnetdocs/content34ffe10f.html]
[bhfiles.com/files/Battle.net/bnetdocs/content41a7e5ce.html]
[bhfiles.com/files/Battle.net/bnetdocs/content965b.html]
[bhfiles.com/files/Battle.net/bnetdocs/content83bb.html]
[bhfiles.com/files/Battle.net/bnetdocs/content67f5.html]
[bhfiles.com/files/Battle.net/bnetdocs/content6733.html]
[bhfiles.com/files/Battle.net/bnetdocs/content4745.html]
[bhfiles.com/files/Battle.net/bnetdocs/contentcfd1.html]
[bhfiles.com/files/Battle.net/bnetdocs/content084c.html]
[bhfiles.com/files/Battle.net/bnetdocs/contentb1988e59.html]
[bhfiles.com/files/Battle.net/bnetdocs/content5d9db014.html]
[bhfiles.com/files/Battle.net/bnetdocs/contentdb60a014.html]
[bhfiles.com/files/Battle.net/bnetdocs/content3d853d85.html]
[bhfiles.com/files/Battle.net/bnetdocs/contenta523a523.html]
[bhfiles.com/files/Battle.net/bnetdocs/interactd194d194.html]
[bhfiles.com/files/Battle.net/bnetdocs/_http__/forum.valhallalegends.com/index933d88eb.html]
[bhfiles.com/files/Battle.net/bnetdocs/interactbf09bf09.html]
[bhfiles.com/files/Battle.net/bnetdocs/interact906c906c.html]
[bhfiles.com/files/Battle.net/bnetdocs/interact6ba96ba9.html]
[bhfiles.com/files/Battle.net/bnetdocs/interact7d947d94.html]
[bhfiles.com/files/Battle.net/bnetdocs/interact4f974f97.html]
[bhfiles.com/files/Battle.net/bnetdocs/interactcee5cee5.html]
[bhfiles.com/files/Battle.net/bnetdocs/interact6d9a6d9a.html]
[bhfiles.com/files/Battle.net/bnetdocs/interact8f7a8f7a.html]
[bhfiles.com/files/Battle.net/bnetdocs/interact384c384c.html]
[bhfiles.com/files/Battle.net/bnetdocs/interact3f9d3f9d.html]
[bhfiles.com/files/Battle.net/bnetdocs/interactaab3aab3.html]
[bhfiles.com/files/Battle.net/bnetdocs/interactabfaabfa.html]
[bhfiles.com/files/Battle.net/bnetdocs/interact54c654c6.html]
[bhfiles.com/files/Battle.net/bnetdocs/interact4c944c94.html]
[bhfiles.com/files/Battle.net/bnetdocs/interact9c939c93.html]
[bhfiles.com/files/Battle.net/bnetdocs/contentcc3ac3c9.html]
[bhfiles.com/files/Battle.net/bnetdocs/print4df74df7.html]
[bhfiles.com/files/Battle.net/bnetdocs/interact3cd23cd2.html]
[bhfiles.com/files/Battle.net/bnetdocs/pagec3c9.html]
[bhfiles.com/files/Battle.net/bnetdocs/print4b8c4b8c.html]
[bhfiles.com/files/Battle.net/bnetdocs/interactacd6acd6.html]
[bhfiles.com/files/Battle.net/bnetdocs/print10ce10ce.html]
[bhfiles.com/files/Battle.net/bnetdocs/interactbb62bb62.html]
[bhfiles.com/files/Battle.net/bnetdocs/printc3a0c3a0.html]
[bhfiles.com/files/Battle.net/bnetdocs/interact8c768c76.html]
[bhfiles.com/files/Battle.net/bnetdocs/print15391539.html]
[bhfiles.com/files/Battle.net/bnetdocs/interactdd18dd18.html]
[bhfiles.com/files/Battle.net/bnetdocs/printdb38db38.html]
[bhfiles.com/files/Battle.net/bnetdocs/interact683b683b.html]
[bhfiles.com/files/Battle.net/bnetdocs/printec70ec70.html]
[bhfiles.com/files/Battle.net/bnetdocs/interactd16bd16b.html]
[bhfiles.com/files/Battle.net/bnetdocs/print56e256e2.html]
[bhfiles.com/files/Battle.net/bnetdocs/interact7e447e44.html]
[bhfiles.com/files/Battle.net/bnetdocs/print874f874f.html]
[bhfiles.com/files/Battle.net/bnetdocs/interact33c633c6.html]
[bhfiles.com/files/Battle.net/bnetdocs/print51fe51fe.html]
[bhfiles.com/files/Battle.net/bnetdocs/interactf3c4f3c4.html]
[bhfiles.com/files/Battle.net/bnetdocs/print2d402d40.html]
[bhfiles.com/files/Battle.net/bnetdocs/interacta6bca6bc.html]
[bhfiles.com/files/Battle.net/bnetdocs/print5b765b76.html]
[bhfiles.com/files/Battle.net/bnetdocs/interact4b0d4b0d.html]
[bhfiles.com/files/Battle.net/bnetdocs/printf1e5f1e5.html]
[bhfiles.com/files/Battle.net/bnetdocs/interact8e678e67.html]
[bhfiles.com/files/Battle.net/bnetdocs/print17001700.html]
[bhfiles.com/files/Battle.net/bnetdocs/interactfd20fd20.html]
[bhfiles.com/files/Battle.net/bnetdocs/printd235d235.html]
[bhfiles.com/files/Battle.net/bnetdocs/interact6fb06fb0.html]
[bhfiles.com/files/Battle.net/bnetdocs/print878e878e.html]
[bhfiles.com/files/Battle.net/bnetdocs/interact1c0b1c0b.html]
[bhfiles.com/files/Battle.net/bnetdocs/printaf19af19.html]
[bhfiles.com/files/Battle.net/bnetdocs/interact6ded6ded.html]
[bhfiles.com/files/Battle.net/bnetdocs/print452e452e.html]
[bhfiles.com/files/Battle.net/bnetdocs/interact3ad43ad4.html]
[bhfiles.com/files/Battle.net/bnetdocs/print06440644.html]
[bhfiles.com/files/Battle.net/bnetdocs/interactc925c925.html]
[bhfiles.com/files/Battle.net/bnetdocs/printf51ff51f.html]
[bhfiles.com/files/Battle.net/bnetdocs/interact98dd98dd.html]
[bhfiles.com/files/Battle.net/bnetdocs/print6a3f6a3f.html]
[bhfiles.com/files/Battle.net/bnetdocs/interactb0edb0ed.html]
[bhfiles.com/files/Battle.net/bnetdocs/print7b9c7b9c.html]
[bhfiles.com/files/Battle.net/bnetdocs/interacta31aa31a.html]
[bhfiles.com/files/Battle.net/bnetdocs/print83bb83bb.html]
[bhfiles.com/files/Battle.net/bnetdocs/interact1f191f19.html]
[bhfiles.com/files/Battle.net/bnetdocs/printe183e183.html]
[bhfiles.com/files/Battle.net/bnetdocs/interactb988b988.html]
[bhfiles.com/files/Battle.net/bnetdocs/print382d382d.html]
[bhfiles.com/files/Battle.net/bnetdocs/interactcbf9cbf9.html]
[bhfiles.com/files/Battle.net/bnetdocs/printe97fe97f.html]
[bhfiles.com/files/Battle.net/bnetdocs/interactce89ce89.html]
[bhfiles.com/files/Battle.net/bnetdocs/print2e472e47.html]
[bhfiles.com/files/Battle.net/bnetdocs/interact3a943a94.html]
[bhfiles.com/files/Battle.net/bnetdocs/printe3c7e3c7.html]
[bhfiles.com/files/Battle.net/bnetdocs/interact4f9d4f9d.html]
[bhfiles.com/files/Battle.net/bnetdocs/print90db90db.html]
[bhfiles.com/files/Battle.net/bnetdocs/interactc17cc17c.html]
[bhfiles.com/files/Battle.net/bnetdocs/print883b883b.html]
[bhfiles.com/files/Battle.net/bnetdocs/interactaffeaffe.html]
[bhfiles.com/files/Battle.net/bnetdocs/print163a163a.html]
[bhfiles.com/files/Battle.net/bnetdocs/interactb69eb69e.html]
[bhfiles.com/files/Battle.net/bnetdocs/print1b751b75.html]
[bhfiles.com/files/Battle.net/bnetdocs/interact535b535b.html]
[bhfiles.com/files/Battle.net/bnetdocs/printc003c003.html]
[bhfiles.com/files/Battle.net/bnetdocs/interact11d111d1.html]
[bhfiles.com/files/Battle.net/bnetdocs/print144d144d.html]
[bhfiles.com/files/Battle.net/bnetdocs/interact0b860b86.html]
[bhfiles.com/files/Battle.net/bnetdocs/printc46cc46c.html]
[bhfiles.com/files/Battle.net/bnetdocs/interactb671b671.html]
[bhfiles.com/files/Battle.net/bnetdocs/print67f567f5.html]
[bhfiles.com/files/Battle.net/bnetdocs/interact8d4d8d4d.html]
[bhfiles.com/files/Battle.net/bnetdocs/print965b965b.html]
[bhfiles.com/files/Battle.net/bnetdocs/interactd5ccd5cc.html]
[bhfiles.com/files/Battle.net/bnetdocs/print3acc3acc.html]
[bhfiles.com/files/Battle.net/bnetdocs/interact71277127.html]
[bhfiles.com/files/Battle.net/bnetdocs/printb6a6b6a6.html]
[bhfiles.com/files/Battle.net/bnetdocs/interact5db35db3.html]
[bhfiles.com/files/Battle.net/bnetdocs/print6feb6feb.html]
[bhfiles.com/files/Battle.net/bnetdocs/interactc7dbc7db.html]
[bhfiles.com/files/Battle.net/bnetdocs/print4f8b4f8b.html]
[bhfiles.com/files/Battle.net/bnetdocs/interactd81bd81b.html]
[bhfiles.com/files/Battle.net/bnetdocs/print61b661b6.html]
[bhfiles.com/files/Battle.net/bnetdocs/interact3c193c19.html]
[bhfiles.com/files/Battle.net/bnetdocs/printe4d3e4d3.html]
[bhfiles.com/files/Battle.net/bnetdocs/interacte84de84d.html]
[bhfiles.com/files/Battle.net/bnetdocs/print19481948.html]
[bhfiles.com/files/Battle.net/bnetdocs/interact65e665e6.html]
[bhfiles.com/files/Battle.net/bnetdocs/printed23ed23.html]
[bhfiles.com/files/Battle.net/bnetdocs/interactc9f5c9f5.html]
[bhfiles.com/files/Battle.net/bnetdocs/printae57ae57.html]
[bhfiles.com/files/Battle.net/bnetdocs/interact6b246b24.html]
[bhfiles.com/files/Battle.net/bnetdocs/print76d976d9.html]
[bhfiles.com/files/Battle.net/bnetdocs/interactf9f7f9f7.html]
[bhfiles.com/files/Battle.net/bnetdocs/print843a843a.html]
[bhfiles.com/files/Battle.net/bnetdocs/interact2dd82dd8.html]
[bhfiles.com/files/Battle.net/bnetdocs/print09a709a7.html]
[bhfiles.com/files/Battle.net/bnetdocs/interacte0e4e0e4.html]
[bhfiles.com/files/Battle.net/bnetdocs/print10b510b5.html]
[bhfiles.com/files/Battle.net/bnetdocs/interact8c0e8c0e.html]
[bhfiles.com/files/Battle.net/bnetdocs/printbd7cbd7c.html]
[bhfiles.com/files/Battle.net/bnetdocs/interact02e202e2.html]
[bhfiles.com/files/Battle.net/bnetdocs/printec7bec7b.html]
[bhfiles.com/files/Battle.net/bnetdocs/interact47914791.html]
[bhfiles.com/files/Battle.net/bnetdocs/printe10de10d.html]
[bhfiles.com/files/Battle.net/bnetdocs/interacta26da26d.html]
[bhfiles.com/files/Battle.net/bnetdocs/printfd82fd82.html]
[bhfiles.com/files/Battle.net/bnetdocs/interactf552f552.html]
[bhfiles.com/files/Battle.net/bnetdocs/print0beb0beb.html]
[bhfiles.com/files/Battle.net/bnetdocs/interactb8edb8ed.html]
[bhfiles.com/files/Battle.net/bnetdocs/printb505b505.html]
[bhfiles.com/files/Battle.net/bnetdocs/interactd89cd89c.html]
[bhfiles.com/files/Battle.net/bnetdocs/print4e904e90.html]
[bhfiles.com/files/Battle.net/bnetdocs/interact91629162.html]
[bhfiles.com/files/Battle.net/bnetdocs/print02f802f8.html]
[bhfiles.com/files/Battle.net/bnetdocs/interact1d501d50.html]
[bhfiles.com/files/Battle.net/bnetdocs/printe10fe10f.html]
[bhfiles.com/files/Battle.net/bnetdocs/interactd94fd94f.html]
[bhfiles.com/files/Battle.net/bnetdocs/printe5cee5ce.html]
[bhfiles.com/files/Battle.net/bnetdocs/interact3c4c3c4c.html]
[bhfiles.com/files/Battle.net/bnetdocs/print86ba86ba.html]
[bhfiles.com/files/Battle.net/bnetdocs/interact98be98be.html]
[bhfiles.com/files/Battle.net/bnetdocs/printe1a5e1a5.html]
[bhfiles.com/files/Battle.net/bnetdocs/interactaf5eaf5e.html]
[bhfiles.com/files/Battle.net/bnetdocs/print29fb29fb.html]
[bhfiles.com/files/Battle.net/bnetdocs/interactbe43be43.html]
[bhfiles.com/files/Battle.net/bnetdocs/print3b173b17.html]
[bhfiles.com/files/Battle.net/bnetdocs/interactc6e8c6e8.html]
[bhfiles.com/files/Battle.net/bnetdocs/print0f940f94.html]
[bhfiles.com/files/Battle.net/bnetdocs/interactc050c050.html]
[bhfiles.com/files/Battle.net/bnetdocs/printf34bf34b.html]
[bhfiles.com/files/Battle.net/bnetdocs/interact31833183.html]
[bhfiles.com/files/Battle.net/bnetdocs/print73727372.html]
[bhfiles.com/files/Battle.net/bnetdocs/interactd8eed8ee.html]
[bhfiles.com/files/Battle.net/bnetdocs/printcc4bcc4b.html]
[bhfiles.com/files/Battle.net/bnetdocs/interact47d947d9.html]
[bhfiles.com/files/Battle.net/bnetdocs/print56065606.html]
[bhfiles.com/files/Battle.net/bnetdocs/interact279f279f.html]
[bhfiles.com/files/Battle.net/bnetdocs/printe9c1e9c1.html]
[bhfiles.com/files/Battle.net/bnetdocs/interact1b4e1b4e.html]
[bhfiles.com/files/Battle.net/bnetdocs/printfabefabe.html]
[bhfiles.com/files/Battle.net/bnetdocs/interactd55cd55c.html]
[bhfiles.com/files/Battle.net/bnetdocs/print9ce19ce1.html]
[bhfiles.com/files/Battle.net/bnetdocs/interactcda0cda0.html]
[bhfiles.com/files/Battle.net/bnetdocs/print7da17da1.html]
[bhfiles.com/files/Battle.net/bnetdocs/interact5e925e92.html]
[bhfiles.com/files/Battle.net/bnetdocs/printa0dda0dd.html]
[bhfiles.com/files/Battle.net/bnetdocs/interact94139413.html]
[bhfiles.com/files/Battle.net/bnetdocs/printae40ae40.html]
[bhfiles.com/files/Battle.net/bnetdocs/interact70177017.html]
[bhfiles.com/files/Battle.net/bnetdocs/print56f056f0.html]
[bhfiles.com/files/Battle.net/bnetdocs/interact8e458e45.html]
[bhfiles.com/files/Battle.net/bnetdocs/printd692d692.html]
[bhfiles.com/files/Battle.net/bnetdocs/interact90b290b2.html]
[bhfiles.com/files/Battle.net/bnetdocs/print60596059.html]
[bhfiles.com/files/Battle.net/bnetdocs/interact5b775b77.html]
[bhfiles.com/files/Battle.net/bnetdocs/print17aa17aa.html]
[bhfiles.com/files/Battle.net/bnetdocs/interacte28ae28a.html]
[bhfiles.com/files/Battle.net/bnetdocs/print340d340d.html]
[bhfiles.com/files/Battle.net/bnetdocs/interact41fa41fa.html]
[bhfiles.com/files/Battle.net/bnetdocs/print992f992f.html]
[bhfiles.com/files/Battle.net/bnetdocs/interactc378c378.html]
[bhfiles.com/files/Battle.net/bnetdocs/printb92cb92c.html]
[bhfiles.com/files/Battle.net/bnetdocs/interactf759f759.html]
[bhfiles.com/files/Battle.net/bnetdocs/print4ce54ce5.html]
[bhfiles.com/files/Battle.net/bnetdocs/interactb21fb21f.html]
[bhfiles.com/files/Battle.net/bnetdocs/printacc2acc2.html]
[bhfiles.com/files/Battle.net/bnetdocs/interactaf10af10.html]
[bhfiles.com/files/Battle.net/bnetdocs/print61216121.html]
[bhfiles.com/files/Battle.net/bnetdocs/interact903e903e.html]
[bhfiles.com/files/Battle.net/bnetdocs/printbec3bec3.html]
[bhfiles.com/files/Battle.net/bnetdocs/interactfa85fa85.html]
[bhfiles.com/files/Battle.net/bnetdocs/print7c617c61.html]
[bhfiles.com/files/Battle.net/bnetdocs/interact888b888b.html]
[bhfiles.com/files/Battle.net/bnetdocs/printa523a523.html]
[bhfiles.com/files/Battle.net/bnetdocs/interact953e953e.html]
[bhfiles.com/files/Battle.net/bnetdocs/printded9ded9.html]
[bhfiles.com/files/Battle.net/bnetdocs/interact81ac81ac.html]
[bhfiles.com/files/Battle.net/bnetdocs/printea61ea61.html]
[bhfiles.com/files/Battle.net/bnetdocs/interact17c517c5.html]
[bhfiles.com/files/Battle.net/bnetdocs/print2f5c2f5c.html]
[bhfiles.com/files/Battle.net/bnetdocs/interact364a364a.html]
[bhfiles.com/files/Battle.net/bnetdocs/printf7aff7af.html]
[bhfiles.com/files/Battle.net/bnetdocs/interact6c8c6c8c.html]
[bhfiles.com/files/Battle.net/bnetdocs/print22082208.html]
[bhfiles.com/files/Battle.net/bnetdocs/interact335c335c.html]
[bhfiles.com/files/Battle.net/bnetdocs/print67336733.html]
[bhfiles.com/files/Battle.net/bnetdocs/interact23f923f9.html]
[bhfiles.com/files/Battle.net/bnetdocs/print47454745.html]
[bhfiles.com/files/Battle.net/bnetdocs/interact6ce76ce7.html]
[bhfiles.com/files/Battle.net/bnetdocs/printcfd1cfd1.html]
[bhfiles.com/files/Battle.net/bnetdocs/interact5e9a5e9a.html]
[bhfiles.com/files/Battle.net/bnetdocs/print084c084c.html]
[bhfiles.com/files/Battle.net/bnetdocs/interact5f0b5f0b.html]
[bhfiles.com/files/Battle.net/bnetdocs/print4a1c4a1c.html]
[bhfiles.com/files/Battle.net/bnetdocs/interact40394039.html]
[bhfiles.com/files/Battle.net/bnetdocs/printbbd2bbd2.html]
[bhfiles.com/files/Battle.net/bnetdocs/interactbbc6bbc6.html]
[bhfiles.com/files/Battle.net/bnetdocs/print8e598e59.html]
[bhfiles.com/files/Battle.net/bnetdocs/interact12a612a6.html]
[bhfiles.com/files/Battle.net/bnetdocs/printb014b014.html]
[bhfiles.com/files/Battle.net/bnetdocs/interact6f3e6f3e.html]
[bhfiles.com/files/Battle.net/bnetdocs/printa014a014.html]
[bhfiles.com/files/Battle.net/bnetdocs/interact30223022.html]
[bhfiles.com/files/Battle.net/bnetdocs/print3d853d85.html]
[bhfiles.com/files/Battle.net/bnetdocs/interact0f760f76.html]
[bhfiles.com/files/Battle.net/bnetdocs/printf000f000.html]
[bhfiles.com/files/Battle.net/bnetdocs/interact1df81df8.html]
[bhfiles.com/files/Battle.net/bnetdocs/printb59ab59a.html]
[bhfiles.com/files/Battle.net/bnetdocs/interact976c976c.html]
[bhfiles.com/files/Battle.net/bnetdocs/print81698169.html]
[bhfiles.com/files/Battle.net/bnetdocs/interactdbaedbae.html]
[bhfiles.com/files/Battle.net/bnetdocs/printe447e447.html]
[bhfiles.com/files/Battle.net/bnetdocs/interact76337633.html]
[bhfiles.com/files/Battle.net/bnetdocs/print1a1b1a1b.html]
[bhfiles.com/files/Battle.net/bnetdocs/interact6a9a6a9a.html]
[bhfiles.com/files/Battle.net/bnetdocs/print38403840.html]
[bhfiles.com/files/Battle.net/bnetdocs/interactd661d661.html]
[bhfiles.com/files/Battle.net/bnetdocs/print05720572.html]
[bhfiles.com/files/Battle.net/bnetdocs/interact5e5d5e5d.html]
[bhfiles.com/files/Battle.net/bnetdocs/printac64ac64.html]
[bhfiles.com/files/Battle.net/bnetdocs/interact27202720.html]
[bhfiles.com/files/Battle.net/bnetdocs/print0f6f0f6f.html]
[bhfiles.com/files/Battle.net/bnetdocs/interact545d545d.html]
[bhfiles.com/files/Battle.net/bnetdocs/printbd7dbd7d.html]
[bhfiles.com/files/Battle.net/bnetdocs/interact18e018e0.html]
[bhfiles.com/files/Battle.net/bnetdocs/print010f010f.html]
[bhfiles.com/files/Battle.net/bnetdocs/interact2b8e2b8e.html]
[bhfiles.com/files/Battle.net/bnetdocs/print63666366.html]
[bhfiles.com/files/Battle.net/bnetdocs/interact279c279c.html]
[bhfiles.com/files/Battle.net/bnetdocs/print2e2a2e2a.html]
[bhfiles.com/files/Battle.net/bnetdocs/interact6de56de5.html]
[bhfiles.com/files/Battle.net/bnetdocs/print43cd43cd.html]
[bhfiles.com/files/Battle.net/bnetdocs/interact77647764.html]
[bhfiles.com/files/Battle.net/bnetdocs/print48224822.html]
[bhfiles.com/files/Battle.net/bnetdocs/interact94c694c6.html]
[bhfiles.com/files/Battle.net/bnetdocs/print61456145.html]
[bhfiles.com/files/Battle.net/bnetdocs/interact6d146d14.html]
[bhfiles.com/files/Battle.net/bnetdocs/print81418141.html]
[bhfiles.com/files/Battle.net/bnetdocs/interact913f913f.html]
[bhfiles.com/files/Battle.net/bnetdocs/print8cac8cac.html]
[bhfiles.com/files/Battle.net/bnetdocs/interact7a2e7a2e.html]
[bhfiles.com/files/Battle.net/bnetdocs/print833a833a.html]
[bhfiles.com/files/Battle.net/bnetdocs/interactd5a6d5a6.html]
[bhfiles.com/files/Battle.net/bnetdocs/printcab4cab4.html]
[bhfiles.com/files/Battle.net/bnetdocs/interact20b520b5.html]
[bhfiles.com/files/Battle.net/bnetdocs/print571f571f.html]
[bhfiles.com/files/Battle.net/bnetdocs/interacted5bed5b.html]
[bhfiles.com/files/Battle.net/bnetdocs/print8cc08cc0.html]
[bhfiles.com/files/Battle.net/bnetdocs/interactc977c977.html]
[bhfiles.com/files/Battle.net/bnetdocs/print63c663c6.html]
[bhfiles.com/files/Battle.net/bnetdocs/interact44d244d2.html]
[bhfiles.com/files/Battle.net/bnetdocs/print5fe35fe3.html]
[bhfiles.com/files/Battle.net/bnetdocs/interact23672367.html]
[bhfiles.com/files/Battle.net/bnetdocs/printdb3cdb3c.html]
[bhfiles.com/files/Battle.net/bnetdocs/interactaf38af38.html]
[bhfiles.com/files/Battle.net/bnetdocs/print05550555.html]
[bhfiles.com/files/Battle.net/bnetdocs/interact39993999.html]
[bhfiles.com/files/Battle.net/bnetdocs/printf10af10a.html]
[bhfiles.com/files/Battle.net/bnetdocs/interact8a478a47.html]
[bhfiles.com/files/Battle.net/bnetdocs/print68476847.html]
[bhfiles.com/files/Battle.net/bnetdocs/interactab33ab33.html]
[bhfiles.com/files/Battle.net/bnetdocs/print0ef80ef8.html]
[bhfiles.com/files/Battle.net/bnetdocs/interact3a323a32.html]
[bhfiles.com/files/Battle.net/bnetdocs/printfa3dfa3d.html]
[bhfiles.com/files/Battle.net/bnetdocs/interact9e0a9e0a.html]
[bhfiles.com/files/Battle.net/bnetdocs/printf7fdf7fd.html]
[bhfiles.com/files/Battle.net/bnetdocs/interact79b079b0.html]
[bhfiles.com/files/Battle.net/bnetdocs/printdeeadeea.html]
[bhfiles.com/files/Battle.net/bnetdocs/interact2b1b2b1b.html]
[bhfiles.com/files/Battle.net/bnetdocs/print3b203b20.html]
[bhfiles.com/files/Battle.net/bnetdocs/interact51fb51fb.html]
[bhfiles.com/files/Battle.net/bnetdocs/print49644964.html]
[bhfiles.com/files/Battle.net/bnetdocs/interacte5f0e5f0.html]
[bhfiles.com/files/Battle.net/bnetdocs/printf78ef78e.html]
[bhfiles.com/files/Battle.net/bnetdocs/interact02690269.html]
[bhfiles.com/files/Battle.net/bnetdocs/print5b6e5b6e.html]
[bhfiles.com/files/Battle.net/bnetdocs/interactfc2dfc2d.html]
[bhfiles.com/files/Battle.net/bnetdocs/print1ee41ee4.html]
[bhfiles.com/files/Battle.net/bnetdocs/interact04990499.html]
[bhfiles.com/files/Battle.net/bnetdocs/print7cc37cc3.html]
[bhfiles.com/files/Battle.net/bnetdocs/interactf273f273.html]
[bhfiles.com/files/Battle.net/bnetdocs/print089b089b.html]
[bhfiles.com/files/Battle.net/bnetdocs/interacta345a345.html]
[bhfiles.com/files/Battle.net/bnetdocs/print384d384d.html]
[bhfiles.com/files/Battle.net/bnetdocs/interact69d369d3.html]
[bhfiles.com/files/Battle.net/bnetdocs/printa2f6a2f6.html]
[bhfiles.com/files/Battle.net/bnetdocs/interacteed0eed0.html]
[bhfiles.com/files/Battle.net/bnetdocs/print61936193.html]
[bhfiles.com/files/Battle.net/bnetdocs/interact099f099f.html]
[bhfiles.com/files/Battle.net/bnetdocs/printc0e5c0e5.html]
[bhfiles.com/files/Battle.net/bnetdocs/interactde16de16.html]
[bhfiles.com/files/Battle.net/bnetdocs/print85ee85ee.html]
[bhfiles.com/files/Battle.net/bnetdocs/interact15bb15bb.html]
[bhfiles.com/files/Battle.net/bnetdocs/print0dbe0dbe.html]
[bhfiles.com/files/Battle.net/bnetdocs/interact713f713f.html]
[bhfiles.com/files/Battle.net/bnetdocs/print4bfe4bfe.html]
[bhfiles.com/files/Battle.net/bnetdocs/interact32ce32ce.html]
[bhfiles.com/files/Battle.net/bnetdocs/printa05ca05c.html]
[bhfiles.com/files/Battle.net/bnetdocs/interacte802e802.html]
[bhfiles.com/files/Battle.net/bnetdocs/print34353435.html]
[bhfiles.com/files/Battle.net/bnetdocs/interact9d429d42.html]
[bhfiles.com/files/Battle.net/bnetdocs/print64c064c0.html]
[bhfiles.com/files/Battle.net/bnetdocs/interact92149214.html]
[bhfiles.com/files/Battle.net/bnetdocs/print1ff91ff9.html]
[bhfiles.com/files/Battle.net/bnetdocs/interact43214321.html]
[bhfiles.com/files/Battle.net/bnetdocs/printe471e471.html]
[bhfiles.com/files/Battle.net/bnetdocs/interact413a413a.html]
[bhfiles.com/files/Battle.net/bnetdocs/print63e763e7.html]
[bhfiles.com/files/Battle.net/bnetdocs/interact28c228c2.html]
[bhfiles.com/files/Battle.net/bnetdocs/print7b057b05.html]
[bhfiles.com/files/Battle.net/bnetdocs/interact97f097f0.html]
[bhfiles.com/files/Battle.net/bnetdocs/print65326532.html]
[bhfiles.com/files/Battle.net/bnetdocs/interact7e5a7e5a.html]
[bhfiles.com/files/Battle.net/bnetdocs/print2cd52cd5.html]
[bhfiles.com/files/Battle.net/bnetdocs/interacte511e511.html]
[bhfiles.com/files/Battle.net/bnetdocs/print9d9e9d9e.html]
[bhfiles.com/files/Battle.net/bnetdocs/interact609a609a.html]
[bhfiles.com/files/Battle.net/bnetdocs/print43144314.html]
[bhfiles.com/files/Battle.net/bnetdocs/interactdc82dc82.html]
[bhfiles.com/files/Battle.net/bnetdocs/printbc57bc57.html]
[bhfiles.com/files/Battle.net/bnetdocs/interactb454b454.html]
[bhfiles.com/files/Battle.net/bnetdocs/print5c2d5c2d.html]
[bhfiles.com/files/Battle.net/bnetdocs/interact02010201.html]
[bhfiles.com/files/Battle.net/bnetdocs/print38cb38cb.html]
[bhfiles.com/files/Battle.net/bnetdocs/interact8e8c8e8c.html]
[bhfiles.com/files/Battle.net/bnetdocs/print819a819a.html]
[bhfiles.com/files/Battle.net/bnetdocs/interact39323932.html]
[bhfiles.com/files/Battle.net/bnetdocs/print2ba92ba9.html]
[bhfiles.com/files/Battle.net/bnetdocs/interact03700370.html]
[bhfiles.com/files/Battle.net/bnetdocs/print1cfd1cfd.html]
[bhfiles.com/files/Battle.net/bnetdocs/interactd1ead1ea.html]
[bhfiles.com/files/Battle.net/bnetdocs/print31b831b8.html]
[bhfiles.com/files/Battle.net/bnetdocs/interact24282428.html]
[bhfiles.com/files/Battle.net/bnetdocs/printaf5caf5c.html]
[bhfiles.com/files/Battle.net/bnetdocs/interact30413041.html]
[bhfiles.com/files/Battle.net/bnetdocs/print75ee75ee.html]
[bhfiles.com/files/Battle.net/bnetdocs/interactf13df13d.html]
[bhfiles.com/files/Battle.net/bnetdocs/print64d564d5.html]
[bhfiles.com/files/Battle.net/bnetdocs/interact8ac08ac0.html]
[bhfiles.com/files/Battle.net/bnetdocs/print0b8f0b8f.html]
[bhfiles.com/files/Battle.net/bnetdocs/interact78a178a1.html]
[bhfiles.com/files/Battle.net/bnetdocs/print9fb29fb2.html]
[bhfiles.com/files/Battle.net/bnetdocs/interact30963096.html]
[bhfiles.com/files/Battle.net/bnetdocs/print4a314a31.html]
[bhfiles.com/files/Battle.net/bnetdocs/interacta354a354.html]
[bhfiles.com/files/Battle.net/bnetdocs/print4d854d85.html]
[bhfiles.com/files/Battle.net/bnetdocs/interact44874487.html]
[bhfiles.com/files/Battle.net/bnetdocs/printef41ef41.html]
[bhfiles.com/files/Battle.net/bnetdocs/interact27252725.html]
[bhfiles.com/files/Battle.net/bnetdocs/print1d7f1d7f.html]
[bhfiles.com/files/Battle.net/bnetdocs/interact4fda4fda.html]
[bhfiles.com/files/Battle.net/bnetdocs/print3d923d92.html]
[bhfiles.com/files/Battle.net/bnetdocs/interactc6acc6ac.html]
[bhfiles.com/files/Battle.net/bnetdocs/print4ba34ba3.html]
[bhfiles.com/files/Battle.net/bnetdocs/interact86ed86ed.html]
[bhfiles.com/files/Battle.net/bnetdocs/print11881188.html]
[bhfiles.com/files/Battle.net/bnetdocs/interactc4e3c4e3.html]
[bhfiles.com/files/Battle.net/bnetdocs/printa233a233.html]
[bhfiles.com/files/Battle.net/bnetdocs/interact081d081d.html]
[bhfiles.com/files/Battle.net/bnetdocs/printeee7eee7.html]
[bhfiles.com/files/Battle.net/bnetdocs/interacte428e428.html]
[bhfiles.com/files/Battle.net/bnetdocs/printd1c3d1c3.html]
[bhfiles.com/files/Battle.net/bnetdocs/interact20ae20ae.html]
[bhfiles.com/files/Battle.net/bnetdocs/print5d2a5d2a.html]
[bhfiles.com/files/Battle.net/bnetdocs/interact26222622.html]
[bhfiles.com/files/Battle.net/bnetdocs/printae40-2ae40.html]
[bhfiles.com/files/Battle.net/bnetdocs/interactbe31be31.html]
[bhfiles.com/files/Battle.net/bnetdocs/printd3ead3ea.html]
[bhfiles.com/files/Battle.net/bnetdocs/interact68586858.html]
[bhfiles.com/files/Battle.net/bnetdocs/printe37ae37a.html]
[bhfiles.com/files/Battle.net/bnetdocs/interacta731a731.html]
[bhfiles.com/files/Battle.net/bnetdocs/printc149c149.html]
[bhfiles.com/files/Battle.net/bnetdocs/interactb63db63d.html]
[bhfiles.com/files/Battle.net/bnetdocs/print66416641.html]
[bhfiles.com/files/Battle.net/bnetdocs/interact4d354d35.html]
[bhfiles.com/files/Battle.net/bnetdocs/printf2b4f2b4.html]
[bhfiles.com/files/Battle.net/bnetdocs/interact40e640e6.html]
[bhfiles.com/files/Battle.net/bnetdocs/printe945e945.html]
[bhfiles.com/files/Battle.net/bnetdocs/interact1a401a40.html]
[bhfiles.com/files/Battle.net/bnetdocs/print50a350a3.html]
[bhfiles.com/files/Battle.net/bnetdocs/interactc436c436.html]
[bhfiles.com/files/Battle.net/bnetdocs/print34343434.html]
[bhfiles.com/files/Battle.net/bnetdocs/interact9afb9afb.html]
[bhfiles.com/files/Battle.net/bnetdocs/print317e317e.html]
[bhfiles.com/files/Battle.net/bnetdocs/interact66006600.html]
[bhfiles.com/files/Battle.net/bnetdocs/print96d596d5.html]
[bhfiles.com/files/Battle.net/bnetdocs/interact13761376.html]
[bhfiles.com/files/Battle.net/bnetdocs/print1a9e1a9e.html]
[bhfiles.com/files/Battle.net/bnetdocs/interactb958b958.html]
[bhfiles.com/files/Battle.net/bnetdocs/print31e531e5.html]
[bhfiles.com/files/Battle.net/bnetdocs/interactc53ac53a.html]
[bhfiles.com/files/Battle.net/bnetdocs/printf0c8f0c8.html]
[bhfiles.com/files/Battle.net/bnetdocs/interact91219121.html]
[bhfiles.com/files/Battle.net/bnetdocs/printb48bb48b.html]
[bhfiles.com/files/Battle.net/bnetdocs/interact909e909e.html]
[bhfiles.com/files/Battle.net/bnetdocs/print9a1a9a1a.html]
[bhfiles.com/files/Battle.net/bnetdocs/interact6d986d98.html]
[bhfiles.com/files/Battle.net/bnetdocs/print82678267.html]
[bhfiles.com/files/Battle.net/bnetdocs/interact8fad8fad.html]
[bhfiles.com/files/Battle.net/bnetdocs/printdf56df56.html]
[bhfiles.com/files/Battle.net/bnetdocs/interact7e0d7e0d.html]
[bhfiles.com/files/Battle.net/bnetdocs/print82758275.html]
[bhfiles.com/files/Battle.net/bnetdocs/interactd93dd93d.html]
[bhfiles.com/files/Battle.net/bnetdocs/print6f4b6f4b.html]
[bhfiles.com/files/Battle.net/bnetdocs/interact59335933.html]
[bhfiles.com/files/Battle.net/bnetdocs/printa225a225.html]
[bhfiles.com/files/Battle.net/bnetdocs/interact584c584c.html]
[bhfiles.com/files/Battle.net/bnetdocs/print82ba82ba.html]
[bhfiles.com/files/Battle.net/bnetdocs/interact99a199a1.html]
[bhfiles.com/files/Battle.net/bnetdocs/print30563056.html]
[bhfiles.com/files/Battle.net/bnetdocs/interactec7cec7c.html]
[bhfiles.com/files/Battle.net/bnetdocs/printd1add1ad.html]
[bhfiles.com/files/Battle.net/bnetdocs/interact6fd96fd9.html]
[bhfiles.com/files/Battle.net/bnetdocs/print1b881b88.html]
[bhfiles.com/files/Battle.net/bnetdocs/interact8a248a24.html]
[bhfiles.com/files/Battle.net/bnetdocs/print7dff7dff.html]
[bhfiles.com/files/Battle.net/bnetdocs/interact47934793.html]
[bhfiles.com/files/Battle.net/bnetdocs/print89e289e2.html]
[bhfiles.com/files/Battle.net/bnetdocs/interact578e578e.html]
[bhfiles.com/files/Battle.net/bnetdocs/print989c989c.html]
[bhfiles.com/files/Battle.net/bnetdocs/interact72ff72ff.html]
[bhfiles.com/files/Battle.net/bnetdocs/printc7b5c7b5.html]
[bhfiles.com/files/Battle.net/bnetdocs/interacte0d5e0d5.html]
[bhfiles.com/files/Battle.net/bnetdocs/print808b808b.html]
[bhfiles.com/files/Battle.net/bnetdocs/interactdb25db25.html]
[bhfiles.com/files/Battle.net/bnetdocs/print03340334.html]
[bhfiles.com/files/Battle.net/bnetdocs/interactd556d556.html]
[bhfiles.com/files/Battle.net/bnetdocs/print780e780e.html]
[bhfiles.com/files/Battle.net/bnetdocs/interact9a379a37.html]
[bhfiles.com/files/Battle.net/bnetdocs/print06450645.html]
[bhfiles.com/files/Battle.net/bnetdocs/interact40aa40aa.html]
[bhfiles.com/files/Battle.net/bnetdocs/printddd8ddd8.html]
[bhfiles.com/files/Battle.net/bnetdocs/interact63976397.html]
[bhfiles.com/files/Battle.net/bnetdocs/printc52cc52c.html]
[bhfiles.com/files/Battle.net/bnetdocs/interactb330b330.html]
[bhfiles.com/files/Battle.net/bnetdocs/print4d054d05.html]
[bhfiles.com/files/Battle.net/bnetdocs/interact91a391a3.html]
[bhfiles.com/files/Battle.net/bnetdocs/printba37ba37.html]
[bhfiles.com/files/Battle.net/bnetdocs/interact1a4c1a4c.html]
[bhfiles.com/files/Battle.net/bnetdocs/print9ac59ac5.html]
[bhfiles.com/files/Battle.net/bnetdocs/interactd85dd85d.html]
[bhfiles.com/files/Battle.net/bnetdocs/printba5cba5c.html]
[bhfiles.com/files/Battle.net/bnetdocs/interactd722d722.html]
[bhfiles.com/files/Battle.net/bnetdocs/print920d920d.html]
[bhfiles.com/files/Battle.net/bnetdocs/interactb9cdb9cd.html]
[bhfiles.com/files/Battle.net/bnetdocs/print81498149.html]
[bhfiles.com/files/Battle.net/bnetdocs/interact350e350e.html]
[bhfiles.com/files/Battle.net/bnetdocs/print56605660.html]
[bhfiles.com/files/Battle.net/bnetdocs/interact50c550c5.html]
[bhfiles.com/files/Battle.net/bnetdocs/printf4f6f4f6.html]
[bhfiles.com/files/Battle.net/bnetdocs/interacte921e921.html]
[bhfiles.com/files/Battle.net/bnetdocs/print2e502e50.html]
[bhfiles.com/files/Battle.net/bnetdocs/interacta5aca5ac.html]
[bhfiles.com/files/Battle.net/bnetdocs/print6c5b6c5b.html]
[bhfiles.com/files/Battle.net/bnetdocs/interact33c233c2.html]
[bhfiles.com/files/Battle.net/bnetdocs/printec6cec6c.html]
[bhfiles.com/files/Battle.net/bnetdocs/interact215d215d.html]
[bhfiles.com/files/Battle.net/bnetdocs/print887b887b.html]
[bhfiles.com/files/Battle.net/bnetdocs/interact9b0a9b0a.html]
[bhfiles.com/files/Battle.net/bnetdocs/print1ab41ab4.html]
[bhfiles.com/files/Battle.net/bnetdocs/interact68566856.html]
[bhfiles.com/files/Battle.net/bnetdocs/print6fba6fba.html]
[bhfiles.com/files/Battle.net/bnetdocs/interact23d823d8.html]
[bhfiles.com/files/Battle.net/bnetdocs/print16b316b3.html]
[bhfiles.com/files/Battle.net/bnetdocs/interact52d952d9.html]
[bhfiles.com/files/Battle.net/bnetdocs/print619e619e.html]
[bhfiles.com/files/Battle.net/bnetdocs/interact93d193d1.html]
[bhfiles.com/files/Battle.net/bnetdocs/print12e412e4.html]
[bhfiles.com/files/Battle.net/bnetdocs/interact017c017c.html]
[bhfiles.com/files/Battle.net/bnetdocs/print78367836.html]
[bhfiles.com/files/Battle.net/bnetdocs/interacte711e711.html]
[bhfiles.com/files/Battle.net/bnetdocs/print7f957f95.html]
[bhfiles.com/files/Battle.net/bnetdocs/interact4d014d01.html]
[bhfiles.com/files/Battle.net/bnetdocs/print14501450.html]
[bhfiles.com/files/Battle.net/bnetdocs/interact4b094b09.html]
[bhfiles.com/files/Battle.net/bnetdocs/print7fbb7fbb.html]
[bhfiles.com/files/Battle.net/bnetdocs/interact4faa4faa.html]
[bhfiles.com/files/Battle.net/bnetdocs/print44d544d5.html]
[bhfiles.com/files/Battle.net/bnetdocs/interactfc6ffc6f.html]
[bhfiles.com/files/Battle.net/bnetdocs/printd989d989.html]
[bhfiles.com/files/Battle.net/bnetdocs/interact91149114.html]
[bhfiles.com/files/Battle.net/bnetdocs/print972a972a.html]
[bhfiles.com/files/Battle.net/bnetdocs/interact658f658f.html]
[bhfiles.com/files/Battle.net/bnetdocs/print8fed8fed.html]
[bhfiles.com/files/Battle.net/bnetdocs/interactb317b317.html]
[bhfiles.com/files/Battle.net/bnetdocs/printcc2fcc2f.html]
[bhfiles.com/files/Battle.net/bnetdocs/interact991d991d.html]
[bhfiles.com/files/Battle.net/bnetdocs/print77597759.html]
[bhfiles.com/files/Battle.net/bnetdocs/interactb164b164.html]
[bhfiles.com/files/Battle.net/bnetdocs/print9adf9adf.html]
[bhfiles.com/files/Battle.net/bnetdocs/interact28cc28cc.html]
[bhfiles.com/files/Battle.net/bnetdocs/printcec1cec1.html]
[bhfiles.com/files/Battle.net/bnetdocs/interactc02cc02c.html]
[bhfiles.com/files/Battle.net/bnetdocs/print221e221e.html]
[bhfiles.com/files/Battle.net/bnetdocs/interact7c6a7c6a.html]
[bhfiles.com/files/Battle.net/bnetdocs/printa949a949.html]
[bhfiles.com/files/Battle.net/bnetdocs/interact66636663.html]
[bhfiles.com/files/Battle.net/bnetdocs/printd03cd03c.html]
[bhfiles.com/files/Battle.net/bnetdocs/interact88068806.html]
[bhfiles.com/files/Battle.net/bnetdocs/print585b585b.html]
[bhfiles.com/files/Battle.net/bnetdocs/interact3b3d3b3d.html]
[bhfiles.com/files/Battle.net/bnetdocs/print021d021d.html]
[bhfiles.com/files/Battle.net/bnetdocs/interactce19ce19.html]
[bhfiles.com/files/Battle.net/bnetdocs/print7a167a16.html]
[bhfiles.com/files/Battle.net/bnetdocs/interacted26ed26.html]
[bhfiles.com/files/Battle.net/bnetdocs/print125b125b.html]
[bhfiles.com/files/Battle.net/bnetdocs/interactdad1dad1.html]
[bhfiles.com/files/Battle.net/bnetdocs/print73b673b6.html]
[bhfiles.com/files/Battle.net/bnetdocs/interactc3c3c3c3.html]
[bhfiles.com/files/Battle.net/bnetdocs/printcca7cca7.html]
[bhfiles.com/files/Battle.net/bnetdocs/interact7b1e7b1e.html]
[bhfiles.com/files/Battle.net/bnetdocs/print7a2b7a2b.html]
[bhfiles.com/files/Battle.net/bnetdocs/interact23132313.html]
[bhfiles.com/files/Battle.net/bnetdocs/print21522152.html]
[bhfiles.com/files/Battle.net/bnetdocs/interact86988698.html]
[bhfiles.com/files/Battle.net/bnetdocs/print9a329a32.html]
[bhfiles.com/files/Battle.net/bnetdocs/interact235e235e.html]
[bhfiles.com/files/Battle.net/bnetdocs/print78bb78bb.html]
[bhfiles.com/files/Battle.net/bnetdocs/interact5a025a02.html]
[bhfiles.com/files/Battle.net/bnetdocs/print74df74df.html]
[bhfiles.com/files/Battle.net/bnetdocs/interact41494149.html]
[bhfiles.com/files/Battle.net/bnetdocs/printb5e5b5e5.html]
[bhfiles.com/files/Battle.net/bnetdocs/interact42db42db.html]
[bhfiles.com/files/Battle.net/bnetdocs/printd805d805.html]
[bhfiles.com/files/Battle.net/bnetdocs/interactf924f924.html]
[bhfiles.com/files/Battle.net/bnetdocs/printa37da37d.html]
[bhfiles.com/files/Battle.net/bnetdocs/interactc7a9c7a9.html]
[bhfiles.com/files/Battle.net/bnetdocs/printf604f604.html]
[bhfiles.com/files/Battle.net/bnetdocs/interact73ed73ed.html]
[bhfiles.com/files/Battle.net/bnetdocs/print20d920d9.html]
[bhfiles.com/files/Battle.net/bnetdocs/interact563f563f.html]
[bhfiles.com/files/Battle.net/bnetdocs/print0e130e13.html]
[bhfiles.com/files/Battle.net/bnetdocs/interact29182918.html]
[bhfiles.com/files/Battle.net/bnetdocs/printc421c421.html]
[bhfiles.com/files/Battle.net/bnetdocs/interact42b842b8.html]
[bhfiles.com/files/Battle.net/bnetdocs/printbb20bb20.html]
[bhfiles.com/files/Battle.net/bnetdocs/interactd66dd66d.html]
[bhfiles.com/files/Battle.net/bnetdocs/print5f685f68.html]
[bhfiles.com/files/Battle.net/bnetdocs/interact42034203.html]
[bhfiles.com/files/Battle.net/bnetdocs/print207a207a.html]
[bhfiles.com/files/Battle.net/bnetdocs/interact2d022d02.html]
[bhfiles.com/files/Battle.net/bnetdocs/printfe73fe73.html]
[bhfiles.com/files/Battle.net/bnetdocs/interact36b436b4.html]
[bhfiles.com/files/Battle.net/bnetdocs/printb88ab88a.html]
[bhfiles.com/files/Battle.net/bnetdocs/interactd4c1d4c1.html]
[bhfiles.com/files/Battle.net/bnetdocs/printc395c395.html]
[bhfiles.com/files/Battle.net/bnetdocs/interactb622b622.html]
[bhfiles.com/files/Battle.net/bnetdocs/print47744774.html]
[bhfiles.com/files/Battle.net/bnetdocs/interactc806c806.html]
[bhfiles.com/files/Battle.net/bnetdocs/printc2b6c2b6.html]
[bhfiles.com/files/Battle.net/bnetdocs/interact93c293c2.html]
[bhfiles.com/files/Battle.net/bnetdocs/printb89eb89e.html]
[bhfiles.com/files/Battle.net/bnetdocs/interact0a610a61.html]
[bhfiles.com/files/Battle.net/bnetdocs/print89fb89fb.html]
[bhfiles.com/files/Battle.net/bnetdocs/interactcb7dcb7d.html]
[bhfiles.com/files/Battle.net/bnetdocs/print705d705d.html]
[bhfiles.com/files/Battle.net/bnetdocs/interactae8cae8c.html]
[bhfiles.com/files/Battle.net/bnetdocs/print0fae0fae.html]
[bhfiles.com/files/Battle.net/bnetdocs/interact18aa18aa.html]
[bhfiles.com/files/Battle.net/bnetdocs/print1b721b72.html]
[bhfiles.com/files/Battle.net/bnetdocs/interact061a061a.html]
[bhfiles.com/files/Battle.net/bnetdocs/printec24ec24.html]
[bhfiles.com/files/Battle.net/bnetdocs/interactda65da65.html]
[bhfiles.com/files/Battle.net/bnetdocs/print1cbd1cbd.html]
[bhfiles.com/files/Battle.net/bnetdocs/interacta6dda6dd.html]
[bhfiles.com/files/Battle.net/bnetdocs/printa9afa9af.html]
[bhfiles.com/files/Battle.net/bnetdocs/interact3ac93ac9.html]
[bhfiles.com/files/Battle.net/bnetdocs/print00fb00fb.html]
[bhfiles.com/files/Battle.net/bnetdocs/interact4c8c4c8c.html]
[bhfiles.com/files/Battle.net/bnetdocs/printf793f793.html]
[bhfiles.com/files/Battle.net/bnetdocs/interact6f3f6f3f.html]
[bhfiles.com/files/Battle.net/bnetdocs/print3ba83ba8.html]
[bhfiles.com/files/Battle.net/bnetdocs/interact5a525a52.html]
[bhfiles.com/files/Battle.net/bnetdocs/print0e6a0e6a.html]
[bhfiles.com/files/Battle.net/bnetdocs/interact96b496b4.html]
[bhfiles.com/files/Battle.net/bnetdocs/printa56ba56b.html]
[bhfiles.com/files/Battle.net/bnetdocs/interacta565a565.html]
[bhfiles.com/files/Battle.net/bnetdocs/print97de97de.html]
[bhfiles.com/files/Battle.net/bnetdocs/interacte289e289.html]
[bhfiles.com/files/Battle.net/bnetdocs/printd829d829.html]
[bhfiles.com/files/Battle.net/bnetdocs/interactfc47fc47.html]
[bhfiles.com/files/Battle.net/bnetdocs/print0bde0bde.html]
[bhfiles.com/files/Battle.net/bnetdocs/interact79387938.html]
[bhfiles.com/files/Battle.net/bnetdocs/printd690d690.html]
[bhfiles.com/files/Battle.net/bnetdocs/interactab6cab6c.html]
[bhfiles.com/files/Battle.net/bnetdocs/printcb84cb84.html]
[bhfiles.com/files/Battle.net/bnetdocs/interactfc8bfc8b.html]
[bhfiles.com/files/Battle.net/bnetdocs/print7cb17cb1.html]
[bhfiles.com/files/Battle.net/bnetdocs/interactf836f836.html]
[bhfiles.com/files/Battle.net/bnetdocs/printb8a9b8a9.html]
[bhfiles.com/files/Battle.net/bnetdocs/interact17471747.html]
[bhfiles.com/files/Battle.net/bnetdocs/printaa49aa49.html]
[bhfiles.com/files/Battle.net/bnetdocs/interactdceedcee.html]
[bhfiles.com/files/Battle.net/bnetdocs/print60416041.html]
[bhfiles.com/files/Battle.net/bnetdocs/interacta531a531.html]
[bhfiles.com/files/Battle.net/bnetdocs/print0a580a58.html]
[bhfiles.com/files/Battle.net/bnetdocs/interact1dc91dc9.html]
[bhfiles.com/files/Battle.net/bnetdocs/print2bcd2bcd.html]
[bhfiles.com/files/Battle.net/bnetdocs/interact183d183d.html]
[bhfiles.com/files/Battle.net/bnetdocs/printbd8cbd8c.html]
[bhfiles.com/files/Battle.net/bnetdocs/interacta9b7a9b7.html]
[bhfiles.com/files/Battle.net/bnetdocs/print1bc81bc8.html]
[bhfiles.com/files/Battle.net/bnetdocs/interact2b7d2b7d.html]
[bhfiles.com/files/Battle.net/bnetdocs/print00550055.html]
[bhfiles.com/files/Battle.net/bnetdocs/interact91749174.html]
[bhfiles.com/files/Battle.net/bnetdocs/printd7a9d7a9.html]
[bhfiles.com/files/Battle.net/bnetdocs/interact26052605.html]
[bhfiles.com/files/Battle.net/bnetdocs/print73d073d0.html]
[bhfiles.com/files/Battle.net/bnetdocs/interactbfe3bfe3.html]
[bhfiles.com/files/Battle.net/bnetdocs/printa2fea2fe.html]
[bhfiles.com/files/Battle.net/bnetdocs/interact04230423.html]
[bhfiles.com/files/Battle.net/bnetdocs/print5ba75ba7.html]
[bhfiles.com/files/Battle.net/bnetdocs/interact892b892b.html]
[bhfiles.com/files/Battle.net/bnetdocs/print79027902.html]
[bhfiles.com/files/Battle.net/bnetdocs/interactf569f569.html]
[bhfiles.com/files/Battle.net/bnetdocs/printf113f113.html]
[bhfiles.com/files/Battle.net/bnetdocs/interactdc00dc00.html]
[bhfiles.com/files/Battle.net/bnetdocs/print9d569d56.html]
[bhfiles.com/files/Battle.net/bnetdocs/interactd1ded1de.html]
[bhfiles.com/files/Battle.net/bnetdocs/printd158d158.html]
[bhfiles.com/files/Battle.net/bnetdocs/interact79af79af.html]
[bhfiles.com/files/Battle.net/bnetdocs/print779e779e.html]
[bhfiles.com/files/Battle.net/bnetdocs/interact451a451a.html]
[bhfiles.com/files/Battle.net/bnetdocs/printfc14fc14.html]
[bhfiles.com/files/Battle.net/bnetdocs/interact0ff10ff1.html]
[bhfiles.com/files/Battle.net/bnetdocs/print34133413.html]
[bhfiles.com/files/Battle.net/bnetdocs/interact13b713b7.html]
[bhfiles.com/files/Battle.net/bnetdocs/print8bf18bf1.html]
[bhfiles.com/files/Battle.net/bnetdocs/interact2d632d63.html]
[bhfiles.com/files/Battle.net/bnetdocs/printfe18fe18.html]
[bhfiles.com/files/Battle.net/bnetdocs/interactbb7fbb7f.html]
[bhfiles.com/files/Battle.net/bnetdocs/contentfabe.html]
[bhfiles.com/files/Battle.net/bnetdocs/content9ce1.html]
[bhfiles.com/files/Battle.net/bnetdocs/contente10f.html]
[bhfiles.com/files/Battle.net/bnetdocs/contente5ce.html]
[bhfiles.com/files/Battle.net/bnetdocs/content8e59.html]
[bhfiles.com/files/Battle.net/bnetdocs/contentb014.html]
[bhfiles.com/files/Battle.net/bnetdocs/contenta014.html]
